Archive member included to satisfy reference by file (symbol)

C:/ST/STM32CubeIDE_1.13.2/STM32CubeIDE/plugins/com.st.stm32cube.ide.mcu.externaltools.gnu-tools-for-stm32.11.3.rel1.win32_1.1.1.202309131626/tools/bin/../lib/gcc/arm-none-eabi/11.3.1/../../../../arm-none-eabi/lib/thumb/v7e-m+fp/hard\libm.a(libm_a-s_cos.o)
                              ./Core/Src/ssd1306.o (cos)
C:/ST/STM32CubeIDE_1.13.2/STM32CubeIDE/plugins/com.st.stm32cube.ide.mcu.externaltools.gnu-tools-for-stm32.11.3.rel1.win32_1.1.1.202309131626/tools/bin/../lib/gcc/arm-none-eabi/11.3.1/../../../../arm-none-eabi/lib/thumb/v7e-m+fp/hard\libm.a(libm_a-s_sin.o)
                              ./Core/Src/ssd1306.o (sin)
C:/ST/STM32CubeIDE_1.13.2/STM32CubeIDE/plugins/com.st.stm32cube.ide.mcu.externaltools.gnu-tools-for-stm32.11.3.rel1.win32_1.1.1.202309131626/tools/bin/../lib/gcc/arm-none-eabi/11.3.1/../../../../arm-none-eabi/lib/thumb/v7e-m+fp/hard\libm.a(libm_a-k_cos.o)
                              C:/ST/STM32CubeIDE_1.13.2/STM32CubeIDE/plugins/com.st.stm32cube.ide.mcu.externaltools.gnu-tools-for-stm32.11.3.rel1.win32_1.1.1.202309131626/tools/bin/../lib/gcc/arm-none-eabi/11.3.1/../../../../arm-none-eabi/lib/thumb/v7e-m+fp/hard\libm.a(libm_a-s_cos.o) (__kernel_cos)
C:/ST/STM32CubeIDE_1.13.2/STM32CubeIDE/plugins/com.st.stm32cube.ide.mcu.externaltools.gnu-tools-for-stm32.11.3.rel1.win32_1.1.1.202309131626/tools/bin/../lib/gcc/arm-none-eabi/11.3.1/../../../../arm-none-eabi/lib/thumb/v7e-m+fp/hard\libm.a(libm_a-k_sin.o)
                              C:/ST/STM32CubeIDE_1.13.2/STM32CubeIDE/plugins/com.st.stm32cube.ide.mcu.externaltools.gnu-tools-for-stm32.11.3.rel1.win32_1.1.1.202309131626/tools/bin/../lib/gcc/arm-none-eabi/11.3.1/../../../../arm-none-eabi/lib/thumb/v7e-m+fp/hard\libm.a(libm_a-s_cos.o) (__kernel_sin)
C:/ST/STM32CubeIDE_1.13.2/STM32CubeIDE/plugins/com.st.stm32cube.ide.mcu.externaltools.gnu-tools-for-stm32.11.3.rel1.win32_1.1.1.202309131626/tools/bin/../lib/gcc/arm-none-eabi/11.3.1/../../../../arm-none-eabi/lib/thumb/v7e-m+fp/hard\libm.a(libm_a-e_rem_pio2.o)
                              C:/ST/STM32CubeIDE_1.13.2/STM32CubeIDE/plugins/com.st.stm32cube.ide.mcu.externaltools.gnu-tools-for-stm32.11.3.rel1.win32_1.1.1.202309131626/tools/bin/../lib/gcc/arm-none-eabi/11.3.1/../../../../arm-none-eabi/lib/thumb/v7e-m+fp/hard\libm.a(libm_a-s_cos.o) (__ieee754_rem_pio2)
C:/ST/STM32CubeIDE_1.13.2/STM32CubeIDE/plugins/com.st.stm32cube.ide.mcu.externaltools.gnu-tools-for-stm32.11.3.rel1.win32_1.1.1.202309131626/tools/bin/../lib/gcc/arm-none-eabi/11.3.1/../../../../arm-none-eabi/lib/thumb/v7e-m+fp/hard\libm.a(libm_a-s_fabs.o)
                              C:/ST/STM32CubeIDE_1.13.2/STM32CubeIDE/plugins/com.st.stm32cube.ide.mcu.externaltools.gnu-tools-for-stm32.11.3.rel1.win32_1.1.1.202309131626/tools/bin/../lib/gcc/arm-none-eabi/11.3.1/../../../../arm-none-eabi/lib/thumb/v7e-m+fp/hard\libm.a(libm_a-e_rem_pio2.o) (fabs)
C:/ST/STM32CubeIDE_1.13.2/STM32CubeIDE/plugins/com.st.stm32cube.ide.mcu.externaltools.gnu-tools-for-stm32.11.3.rel1.win32_1.1.1.202309131626/tools/bin/../lib/gcc/arm-none-eabi/11.3.1/../../../../arm-none-eabi/lib/thumb/v7e-m+fp/hard\libm.a(libm_a-k_rem_pio2.o)
                              C:/ST/STM32CubeIDE_1.13.2/STM32CubeIDE/plugins/com.st.stm32cube.ide.mcu.externaltools.gnu-tools-for-stm32.11.3.rel1.win32_1.1.1.202309131626/tools/bin/../lib/gcc/arm-none-eabi/11.3.1/../../../../arm-none-eabi/lib/thumb/v7e-m+fp/hard\libm.a(libm_a-e_rem_pio2.o) (__kernel_rem_pio2)
C:/ST/STM32CubeIDE_1.13.2/STM32CubeIDE/plugins/com.st.stm32cube.ide.mcu.externaltools.gnu-tools-for-stm32.11.3.rel1.win32_1.1.1.202309131626/tools/bin/../lib/gcc/arm-none-eabi/11.3.1/../../../../arm-none-eabi/lib/thumb/v7e-m+fp/hard\libm.a(libm_a-s_scalbn.o)
                              C:/ST/STM32CubeIDE_1.13.2/STM32CubeIDE/plugins/com.st.stm32cube.ide.mcu.externaltools.gnu-tools-for-stm32.11.3.rel1.win32_1.1.1.202309131626/tools/bin/../lib/gcc/arm-none-eabi/11.3.1/../../../../arm-none-eabi/lib/thumb/v7e-m+fp/hard\libm.a(libm_a-k_rem_pio2.o) (scalbn)
C:/ST/STM32CubeIDE_1.13.2/STM32CubeIDE/plugins/com.st.stm32cube.ide.mcu.externaltools.gnu-tools-for-stm32.11.3.rel1.win32_1.1.1.202309131626/tools/bin/../lib/gcc/arm-none-eabi/11.3.1/../../../../arm-none-eabi/lib/thumb/v7e-m+fp/hard\libm.a(libm_a-s_floor.o)
                              C:/ST/STM32CubeIDE_1.13.2/STM32CubeIDE/plugins/com.st.stm32cube.ide.mcu.externaltools.gnu-tools-for-stm32.11.3.rel1.win32_1.1.1.202309131626/tools/bin/../lib/gcc/arm-none-eabi/11.3.1/../../../../arm-none-eabi/lib/thumb/v7e-m+fp/hard\libm.a(libm_a-k_rem_pio2.o) (floor)
C:/ST/STM32CubeIDE_1.13.2/STM32CubeIDE/plugins/com.st.stm32cube.ide.mcu.externaltools.gnu-tools-for-stm32.11.3.rel1.win32_1.1.1.202309131626/tools/bin/../lib/gcc/arm-none-eabi/11.3.1/../../../../arm-none-eabi/lib/thumb/v7e-m+fp/hard\libc_nano.a(libc_a-exit.o)
[...]
Memory Configuration

Name             Origin             Length             Attributes
RAM              0x0000000020000000 0x0000000000018000 xrw
FLASH            0x0000000008000000 0x0000000000080000 xr
*default*        0x0000000000000000 0xffffffffffffffff

Linker script and memory map

LOAD C:/ST/STM32CubeIDE_1.13.2/STM32CubeIDE/plugins/com.st.stm32cube.ide.mcu.externaltools.gnu-tools-for-stm32.11.3.rel1.win32_1.1.1.202309131626/tools/bin/../lib/gcc/arm-none-eabi/11.3.1/thumb/v7e-m+fp/hard/crti.o
LOAD C:/ST/STM32CubeIDE_1.13.2/STM32CubeIDE/plugins/com.st.stm32cube.ide.mcu.externaltools.gnu-tools-for-stm32.11.3.rel1.win32_1.1.1.202309131626/tools/bin/../lib/gcc/arm-none-eabi/11.3.1/thumb/v7e-m+fp/hard/crtbegin.o
LOAD C:/ST/STM32CubeIDE_1.13.2/STM32CubeIDE/plugins/com.st.stm32cube.ide.mcu.externaltools.gnu-tools-for-stm32.11.3.rel1.win32_1.1.1.202309131626/tools/bin/../lib/gcc/arm-none-eabi/11.3.1/../../../../arm-none-eabi/lib/thumb/v7e-m+fp/hard/crt0.o
LOAD ./Core/Src/ADXL.o
LOAD ./Core/Src/main.o
LOAD ./Core/Src/ssd1306.o
LOAD ./Core/Src/ssd1306_fonts.o
LOAD ./Core/Src/stm32f4xx_hal_msp.o
LOAD ./Core/Src/stm32f4xx_it.o
LOAD ./Core/Src/syscalls.o
LOAD ./Core/Src/sysmem.o
LOAD ./Core/Src/system_stm32f4xx.o
LOAD ./Core/Startup/startup_stm32f401retx.o
LOAD ./Drivers/STM32F4xx_HAL_Driver/Src/stm32f4xx_hal.o
LOAD ./Drivers/STM32F4xx_HAL_Driver/Src/stm32f4xx_hal_cortex.o
LOAD ./Drivers/STM32F4xx_HAL_Driver/Src/stm32f4xx_hal_dma.o
LOAD ./Drivers/STM32F4xx_HAL_Driver/Src/stm32f4xx_hal_dma_ex.o
LOAD ./Drivers/STM32F4xx_HAL_Driver/Src/stm32f4xx_hal_exti.o
LOAD ./Drivers/STM32F4xx_HAL_Driver/Src/stm32f4xx_hal_flash.o
LOAD ./Drivers/STM32F4xx_HAL_Driver/Src/stm32f4xx_hal_flash_ex.o
LOAD ./Drivers/STM32F4xx_HAL_Driver/Src/stm32f4xx_hal_flash_ramfunc.o
LOAD ./Drivers/STM32F4xx_HAL_Driver/Src/stm32f4xx_hal_gpio.o
LOAD ./Drivers/STM32F4xx_HAL_Driver/Src/stm32f4xx_hal_i2c.o
LOAD ./Drivers/STM32F4xx_HAL_Driver/Src/stm32f4xx_hal_i2c_ex.o
LOAD ./Drivers/STM32F4xx_HAL_Driver/Src/stm32f4xx_hal_pwr.o
LOAD ./Drivers/STM32F4xx_HAL_Driver/Src/stm32f4xx_hal_pwr_ex.o
LOAD ./Drivers/STM32F4xx_HAL_Driver/Src/stm32f4xx_hal_rcc.o
LOAD ./Drivers/STM32F4xx_HAL_Driver/Src/stm32f4xx_hal_rcc_ex.o
LOAD ./Drivers/STM32F4xx_HAL_Driver/Src/stm32f4xx_hal_spi.o
START GROUP
LOAD C:/ST/STM32CubeIDE_1.13.2/STM32CubeIDE/plugins/com.st.stm32cube.ide.mcu.externaltools.gnu-tools-for-stm32.11.3.rel1.win32_1.1.1.202309131626/tools/bin/../lib/gcc/arm-none-eabi/11.3.1/../../../../arm-none-eabi/lib/thumb/v7e-m+fp/hard\libstdc++_nano.a
LOAD C:/ST/STM32CubeIDE_1.13.2/STM32CubeIDE/plugins/com.st.stm32cube.ide.mcu.externaltools.gnu-tools-for-stm32.11.3.rel1.win32_1.1.1.202309131626/tools/bin/../lib/gcc/arm-none-eabi/11.3.1/../../../../arm-none-eabi/lib/thumb/v7e-m+fp/hard\libsupc++_nano.a
END GROUP
LOAD C:/ST/STM32CubeIDE_1.13.2/STM32CubeIDE/plugins/com.st.stm32cube.ide.mcu.externaltools.gnu-tools-for-stm32.11.3.rel1.win32_1.1.1.202309131626/tools/bin/../lib/gcc/arm-none-eabi/11.3.1/../../../../arm-none-eabi/lib/thumb/v7e-m+fp/hard\libstdc++_nano.a
LOAD C:/ST/STM32CubeIDE_1.13.2/STM32CubeIDE/plugins/com.st.stm32cube.ide.mcu.externaltools.gnu-tools-for-stm32.11.3.rel1.win32_1.1.1.202309131626/tools/bin/../lib/gcc/arm-none-eabi/11.3.1/../../../../arm-none-eabi/lib/thumb/v7e-m+fp/hard\libm.a
LOAD C:/ST/STM32CubeIDE_1.13.2/STM32CubeIDE/plugins/com.st.stm32cube.ide.mcu.externaltools.gnu-tools-for-stm32.11.3.rel1.win32_1.1.1.202309131626/tools/bin/../lib/gcc/arm-none-eabi/11.3.1/../../../../arm-none-eabi/lib/thumb/v7e-m+fp/hard\libc_nano.a
START GROUP
LOAD C:/ST/STM32CubeIDE_1.13.2/STM32CubeIDE/plugins/com.st.stm32cube.ide.mcu.externaltools.gnu-tools-for-stm32.11.3.rel1.win32_1.1.1.202309131626/tools/bin/../lib/gcc/arm-none-eabi/11.3.1/thumb/v7e-m+fp/hard\libgcc.a
LOAD C:/ST/STM32CubeIDE_1.13.2/STM32CubeIDE/plugins/com.st.stm32cube.ide.mcu.externaltools.gnu-tools-for-stm32.11.3.rel1.win32_1.1.1.202309131626/tools/bin/../lib/gcc/arm-none-eabi/11.3.1/../../../../arm-none-eabi/lib/thumb/v7e-m+fp/hard\libc_nano.a
END GROUP
START GROUP
LOAD C:/ST/STM32CubeIDE_1.13.2/STM32CubeIDE/plugins/com.st.stm32cube.ide.mcu.externaltools.gnu-tools-for-stm32.11.3.rel1.win32_1.1.1.202309131626/tools/bin/../lib/gcc/arm-none-eabi/11.3.1/thumb/v7e-m+fp/hard\libgcc.a
LOAD C:/ST/STM32CubeIDE_1.13.2/STM32CubeIDE/plugins/com.st.stm32cube.ide.mcu.externaltools.gnu-tools-for-stm32.11.3.rel1.win32_1.1.1.202309131626/tools/bin/../lib/gcc/arm-none-eabi/11.3.1/../../../../arm-none-eabi/lib/thumb/v7e-m+fp/hard\libc_nano.a
LOAD C:/ST/STM32CubeIDE_1.13.2/STM32CubeIDE/plugins/com.st.stm32cube.ide.mcu.externaltools.gnu-tools-for-stm32.11.3.rel1.win32_1.1.1.202309131626/tools/bin/../lib/gcc/arm-none-eabi/11.3.1/../../../../arm-none-eabi/lib/thumb/v7e-m+fp/hard\libnosys.a
END GROUP
START GROUP
LOAD C:/ST/STM32CubeIDE_1.13.2/STM32CubeIDE/plugins/com.st.stm32cube.ide.mcu.externaltools.gnu-tools-for-stm32.11.3.rel1.win32_1.1.1.202309131626/tools/bin/../lib/gcc/arm-none-eabi/11.3.1/thumb/v7e-m+fp/hard\libgcc.a
LOAD C:/ST/STM32CubeIDE_1.13.2/STM32CubeIDE/plugins/com.st.stm32cube.ide.mcu.externaltools.gnu-tools-for-stm32.11.3.rel1.win32_1.1.1.202309131626/tools/bin/../lib/gcc/arm-none-eabi/11.3.1/../../../../arm-none-eabi/lib/thumb/v7e-m+fp/hard\libc_nano.a
LOAD C:/ST/STM32CubeIDE_1.13.2/STM32CubeIDE/plugins/com.st.stm32cube.ide.mcu.externaltools.gnu-tools-for-stm32.11.3.rel1.win32_1.1.1.202309131626/tools/bin/../lib/gcc/arm-none-eabi/11.3.1/../../../../arm-none-eabi/lib/thumb/v7e-m+fp/hard\libnosys.a
END GROUP
LOAD C:/ST/STM32CubeIDE_1.13.2/STM32CubeIDE/plugins/com.st.stm32cube.ide.mcu.externaltools.gnu-tools-for-stm32.11.3.rel1.win32_1.1.1.202309131626/tools/bin/../lib/gcc/arm-none-eabi/11.3.1/thumb/v7e-m+fp/hard/crtend.o
LOAD C:/ST/STM32CubeIDE_1.13.2/STM32CubeIDE/plugins/com.st.stm32cube.ide.mcu.externaltools.gnu-tools-for-stm32.11.3.rel1.win32_1.1.1.202309131626/tools/bin/../lib/gcc/arm-none-eabi/11.3.1/thumb/v7e-m+fp/hard/crtn.o
                0x0000000020018000                _estack = (ORIGIN (RAM) + LENGTH (RAM))
                0x0000000000000200                _Min_Heap_Size = 0x200
                0x0000000000000400                _Min_Stack_Size = 0x400

.isr_vector     0x0000000008000000      0x194
                0x0000000008000000                . = ALIGN (0x4)
 *(.isr_vector)
 .isr_vector    0x0000000008000000      0x194 ./Core/Startup/startup_stm32f401retx.o
                0x0000000008000000                g_pfnVectors
                0x0000000008000194                . = ALIGN (0x4)

.text           0x00000000080001a0     0x3f1c
                0x00000000080001a0                . = ALIGN (0x4)
 *(.text)
 .text          0x00000000080001a0       0x40 C:/ST/STM32CubeIDE_1.13.2/STM32CubeIDE/plugins/com.st.stm32cube.ide.mcu.externaltools.gnu-tools-for-stm32.11.3.rel1.win32_1.1.1.202309131626/tools/bin/../lib/gcc/arm-none-eabi/11.3.1/thumb/v7e-m+fp/hard/crtbegin.o
 .text          0x00000000080001e0       0xa0 C:/ST/STM32CubeIDE_1.13.2/STM32CubeIDE/plugins/com.st.stm32cube.ide.mcu.externaltools.gnu-tools-for-stm32.11.3.rel1.win32_1.1.1.202309131626/tools/bin/../lib/gcc/arm-none-eabi/11.3.1/../../../../arm-none-eabi/lib/thumb/v7e-m+fp/hard\libc_nano.a(libc_a-memchr.o)
                0x00000000080001e0                memchr
 .text          0x0000000008000280       0x30 C:/ST/STM32CubeIDE_1.13.2/STM32CubeIDE/plugins/com.st.stm32cube.ide.mcu.externaltools.gnu-tools-for-stm32.11.3.rel1.win32_1.1.1.202309131626/tools/bin/../lib/gcc/arm-none-eabi/11.3.1/thumb/v7e-m+fp/hard\libgcc.a(_aeabi_uldivmod.o)
                0x0000000008000280                __aeabi_uldivmod
 .text          0x00000000080002b0      0x2c8 C:/ST/STM32CubeIDE_1.13.2/STM32CubeIDE/plugins/com.st.stm32cube.ide.mcu.externaltools.gnu-tools-for-stm32.11.3.rel1.win32_1.1.1.202309131626/tools/bin/../lib/gcc/arm-none-eabi/11.3.1/thumb/v7e-m+fp/hard\libgcc.a(_udivmoddi4.o)
                0x00000000080002b0                __udivmoddi4
 .text          0x0000000008000578        0x4 C:/ST/STM32CubeIDE_1.13.2/STM32CubeIDE/plugins/com.st.stm32cube.ide.mcu.externaltools.gnu-tools-for-stm32.11.3.rel1.win32_1.1.1.202309131626/tools/bin/../lib/gcc/arm-none-eabi/11.3.1/thumb/v7e-m+fp/hard\libgcc.a(_dvmd_tls.o)
                0x0000000008000578                __aeabi_idiv0
                0x0000000008000578                __aeabi_ldiv0
 *(.text*)
 .text.writeRegister
                0x000000000800057c       0x60 ./Core/Src/ADXL.o
 .text.readRegister
                0x00000000080005dc       0x80 ./Core/Src/ADXL.o
 .text.adxlBW   0x000000000800065c       0x88 ./Core/Src/ADXL.o
 .text.adxlFormat
                0x00000000080006e4       0x60 ./Core/Src/ADXL.o
 .text.ADXL_Init
                0x0000000008000744      0x164 ./Core/Src/ADXL.o
                0x0000000008000744                ADXL_Init
 .text.ADXL_getAccel
                0x00000000080008a8      0x120 ./Core/Src/ADXL.o
                0x00000000080008a8                ADXL_getAccel
 .text.main     0x00000000080009c8      0x188 ./Core/Src/main.o
                0x00000000080009c8                main
 .text.SystemClock_Config
                0x0000000008000b50       0xd4 ./Core/Src/main.o
                0x0000000008000b50                SystemClock_Config
 .text.MX_I2C1_Init
                0x0000000008000c24       0x5c ./Core/Src/main.o
 .text.MX_SPI1_Init
                0x0000000008000c80       0x6c ./Core/Src/main.o
 .text.MX_GPIO_Init
                0x0000000008000cec       0x84 ./Core/Src/main.o
 .text.Error_Handler
                0x0000000008000d70        0xa ./Core/Src/main.o
                0x0000000008000d70                Error_Handler
 .text.ssd1306_Reset
                0x0000000008000d7a        0xe ./Core/Src/ssd1306.o
                0x0000000008000d7a                ssd1306_Reset
 .text.ssd1306_WriteCommand
                0x0000000008000d88       0x30 ./Core/Src/ssd1306.o
                0x0000000008000d88                ssd1306_WriteCommand
 .text.ssd1306_WriteData
                0x0000000008000db8       0x34 ./Core/Src/ssd1306.o
                0x0000000008000db8                ssd1306_WriteData
 .text.ssd1306_Init
                0x0000000008000dec       0xd4 ./Core/Src/ssd1306.o
                0x0000000008000dec                ssd1306_Init
 .text.ssd1306_Fill
                0x0000000008000ec0       0x48 ./Core/Src/ssd1306.o
                0x0000000008000ec0                ssd1306_Fill
 .text.ssd1306_UpdateScreen
                0x0000000008000f08       0x50 ./Core/Src/ssd1306.o
                0x0000000008000f08                ssd1306_UpdateScreen
 .text.ssd1306_DrawPixel
                0x0000000008000f58       0xa8 ./Core/Src/ssd1306.o
                0x0000000008000f58                ssd1306_DrawPixel
 .text.ssd1306_WriteChar
                0x0000000008001000      0x110 ./Core/Src/ssd1306.o
                0x0000000008001000                ssd1306_WriteChar
 .text.ssd1306_WriteString
                0x0000000008001110       0x4c ./Core/Src/ssd1306.o
                0x0000000008001110                ssd1306_WriteString
 .text.ssd1306_SetCursor
                0x000000000800115c       0x30 ./Core/Src/ssd1306.o
                0x000000000800115c                ssd1306_SetCursor
 .text.ssd1306_SetContrast
                0x000000000800118c       0x26 ./Core/Src/ssd1306.o
                0x000000000800118c                ssd1306_SetContrast
 *fill*         0x00000000080011b2        0x2 
 .text.ssd1306_SetDisplayOn
                0x00000000080011b4       0x3c ./Core/Src/ssd1306.o
                0x00000000080011b4                ssd1306_SetDisplayOn
 .text.HAL_MspInit
                0x00000000080011f0       0x50 ./Core/Src/stm32f4xx_hal_msp.o
                0x00000000080011f0                HAL_MspInit
 .text.HAL_I2C_MspInit
                0x0000000008001240       0x90 ./Core/Src/stm32f4xx_hal_msp.o
                0x0000000008001240                HAL_I2C_MspInit
 .text.HAL_SPI_MspInit
                0x00000000080012d0       0x90 ./Core/Src/stm32f4xx_hal_msp.o
                0x00000000080012d0                HAL_SPI_MspInit
 .text.NMI_Handler
                0x0000000008001360        0x6 ./Core/Src/stm32f4xx_it.o
                0x0000000008001360                NMI_Handler
 .text.HardFault_Handler
                0x0000000008001366        0x6 ./Core/Src/stm32f4xx_it.o
                0x0000000008001366                HardFault_Handler
 .text.MemManage_Handler
                0x000000000800136c        0x6 ./Core/Src/stm32f4xx_it.o
                0x000000000800136c                MemManage_Handler
 .text.BusFault_Handler
                0x0000000008001372        0x6 ./Core/Src/stm32f4xx_it.o
                0x0000000008001372                BusFault_Handler
 .text.UsageFault_Handler
                0x0000000008001378        0x6 ./Core/Src/stm32f4xx_it.o
                0x0000000008001378                UsageFault_Handler
 .text.SVC_Handler
                0x000000000800137e        0xe ./Core/Src/stm32f4xx_it.o
                0x000000000800137e                SVC_Handler
 .text.DebugMon_Handler
                0x000000000800138c        0xe ./Core/Src/stm32f4xx_it.o
                0x000000000800138c                DebugMon_Handler
 .text.PendSV_Handler
                0x000000000800139a        0xe ./Core/Src/stm32f4xx_it.o
                0x000000000800139a                PendSV_Handler
 .text.SysTick_Handler
                0x00000000080013a8        0xc ./Core/Src/stm32f4xx_it.o
                0x00000000080013a8                SysTick_Handler
 .text._sbrk    0x00000000080013b4       0x6c ./Core/Src/sysmem.o
                0x00000000080013b4                _sbrk
 .text.SystemInit
                0x0000000008001420       0x24 ./Core/Src/system_stm32f4xx.o
                0x0000000008001420                SystemInit
 .text.Reset_Handler
                0x0000000008001444       0x50 ./Core/Startup/startup_stm32f401retx.o
                0x0000000008001444                Reset_Handler
 .text.Default_Handler
                0x0000000008001494        0x2 ./Core/Startup/startup_stm32f401retx.o
                0x0000000008001494                RTC_Alarm_IRQHandler
                0x0000000008001494                EXTI2_IRQHandler
                0x0000000008001494                SPI4_IRQHandler
                0x0000000008001494                TIM1_CC_IRQHandler
                0x0000000008001494                DMA2_Stream5_IRQHandler
                0x0000000008001494                DMA1_Stream5_IRQHandler
                0x0000000008001494                PVD_IRQHandler
                0x0000000008001494                SDIO_IRQHandler
                0x0000000008001494                TAMP_STAMP_IRQHandler
                0x0000000008001494                EXTI3_IRQHandler
                0x0000000008001494                TIM1_UP_TIM10_IRQHandler
                0x0000000008001494                I2C3_ER_IRQHandler
                0x0000000008001494                EXTI0_IRQHandler
                0x0000000008001494                I2C2_EV_IRQHandler
                0x0000000008001494                DMA1_Stream2_IRQHandler
                0x0000000008001494                FPU_IRQHandler
                0x0000000008001494                DMA2_Stream2_IRQHandler
                0x0000000008001494                SPI1_IRQHandler
                0x0000000008001494                TIM1_BRK_TIM9_IRQHandler
                0x0000000008001494                DMA2_Stream3_IRQHandler
                0x0000000008001494                USART6_IRQHandler
                0x0000000008001494                DMA2_Stream0_IRQHandler
                0x0000000008001494                TIM4_IRQHandler
                0x0000000008001494                I2C1_EV_IRQHandler
                0x0000000008001494                DMA1_Stream6_IRQHandler
                0x0000000008001494                DMA1_Stream1_IRQHandler
                0x0000000008001494                TIM3_IRQHandler
                0x0000000008001494                RCC_IRQHandler
                0x0000000008001494                Default_Handler
                0x0000000008001494                EXTI15_10_IRQHandler
                0x0000000008001494                ADC_IRQHandler
                0x0000000008001494                DMA1_Stream7_IRQHandler
                0x0000000008001494                TIM5_IRQHandler
                0x0000000008001494                DMA2_Stream7_IRQHandler
                0x0000000008001494                I2C3_EV_IRQHandler
                0x0000000008001494                EXTI9_5_IRQHandler
                0x0000000008001494                RTC_WKUP_IRQHandler
                0x0000000008001494                SPI2_IRQHandler
                0x0000000008001494                DMA1_Stream0_IRQHandler
                0x0000000008001494                EXTI4_IRQHandler
                0x0000000008001494                WWDG_IRQHandler
                0x0000000008001494                TIM2_IRQHandler
                0x0000000008001494                OTG_FS_WKUP_IRQHandler
                0x0000000008001494                TIM1_TRG_COM_TIM11_IRQHandler
                0x0000000008001494                EXTI1_IRQHandler
                0x0000000008001494                USART2_IRQHandler
                0x0000000008001494                I2C2_ER_IRQHandler
                0x0000000008001494                DMA2_Stream1_IRQHandler
                0x0000000008001494                FLASH_IRQHandler
                0x0000000008001494                DMA2_Stream4_IRQHandler
                0x0000000008001494                USART1_IRQHandler
                0x0000000008001494                OTG_FS_IRQHandler
                0x0000000008001494                SPI3_IRQHandler
                0x0000000008001494                DMA1_Stream4_IRQHandler
                0x0000000008001494                I2C1_ER_IRQHandler
                0x0000000008001494                DMA2_Stream6_IRQHandler
                0x0000000008001494                DMA1_Stream3_IRQHandler
 *fill*         0x0000000008001496        0x2 
 .text.HAL_Init
                0x0000000008001498       0x44 ./Drivers/STM32F4xx_HAL_Driver/Src/stm32f4xx_hal.o
                0x0000000008001498                HAL_Init
 .text.HAL_InitTick
                0x00000000080014dc       0x60 ./Drivers/STM32F4xx_HAL_Driver/Src/stm32f4xx_hal.o
                0x00000000080014dc                HAL_InitTick
 .text.HAL_IncTick
                0x000000000800153c       0x28 ./Drivers/STM32F4xx_HAL_Driver/Src/stm32f4xx_hal.o
                0x000000000800153c                HAL_IncTick
 .text.HAL_GetTick
                0x0000000008001564       0x18 ./Drivers/STM32F4xx_HAL_Driver/Src/stm32f4xx_hal.o
                0x0000000008001564                HAL_GetTick
 .text.HAL_Delay
                0x000000000800157c       0x48 ./Drivers/STM32F4xx_HAL_Driver/Src/stm32f4xx_hal.o
                0x000000000800157c                HAL_Delay
 .text.__NVIC_SetPriorityGrouping
                0x00000000080015c4       0x48 ./Drivers/STM32F4xx_HAL_Driver/Src/stm32f4xx_hal_cortex.o
 .text.__NVIC_GetPriorityGrouping
                0x000000000800160c       0x1c ./Drivers/STM32F4xx_HAL_Driver/Src/stm32f4xx_hal_cortex.o
 .text.__NVIC_SetPriority
                0x0000000008001628       0x54 ./Drivers/STM32F4xx_HAL_Driver/Src/stm32f4xx_hal_cortex.o
 .text.NVIC_EncodePriority
                0x000000000800167c       0x66 ./Drivers/STM32F4xx_HAL_Driver/Src/stm32f4xx_hal_cortex.o
 *fill*         0x00000000080016e2        0x2 
 .text.SysTick_Config
                0x00000000080016e4       0x44 ./Drivers/STM32F4xx_HAL_Driver/Src/stm32f4xx_hal_cortex.o
 .text.HAL_NVIC_SetPriorityGrouping
                0x0000000008001728       0x16 ./Drivers/STM32F4xx_HAL_Driver/Src/stm32f4xx_hal_cortex.o
                0x0000000008001728                HAL_NVIC_SetPriorityGrouping
 .text.HAL_NVIC_SetPriority
                0x000000000800173e       0x38 ./Drivers/STM32F4xx_HAL_Driver/Src/stm32f4xx_hal_cortex.o
                0x000000000800173e                HAL_NVIC_SetPriority
 .text.HAL_SYSTICK_Config
                0x0000000008001776       0x18 ./Drivers/STM32F4xx_HAL_Driver/Src/stm32f4xx_hal_cortex.o
                0x0000000008001776                HAL_SYSTICK_Config
 *fill*         0x000000000800178e        0x2 
 .text.HAL_GPIO_Init
                0x0000000008001790      0x308 ./Drivers/STM32F4xx_HAL_Driver/Src/stm32f4xx_hal_gpio.o
                0x0000000008001790                HAL_GPIO_Init
 .text.HAL_GPIO_WritePin
                0x0000000008001a98       0x32 ./Drivers/STM32F4xx_HAL_Driver/Src/stm32f4xx_hal_gpio.o
                0x0000000008001a98                HAL_GPIO_WritePin
 *fill*         0x0000000008001aca        0x2 
 .text.HAL_I2C_Init
                0x0000000008001acc      0x288 ./Drivers/STM32F4xx_HAL_Driver/Src/stm32f4xx_hal_i2c.o
                0x0000000008001acc                HAL_I2C_Init
 .text.HAL_I2C_Mem_Write
                0x0000000008001d54      0x1f4 ./Drivers/STM32F4xx_HAL_Driver/Src/stm32f4xx_hal_i2c.o
                0x0000000008001d54                HAL_I2C_Mem_Write
 .text.I2C_RequestMemoryWrite
                0x0000000008001f48      0x12c ./Drivers/STM32F4xx_HAL_Driver/Src/stm32f4xx_hal_i2c.o
 .text.I2C_WaitOnFlagUntilTimeout
                0x0000000008002074       0xae ./Drivers/STM32F4xx_HAL_Driver/Src/stm32f4xx_hal_i2c.o
 .text.I2C_WaitOnMasterAddressFlagUntilTimeout
                0x0000000008002122       0xfe ./Drivers/STM32F4xx_HAL_Driver/Src/stm32f4xx_hal_i2c.o
 .text.I2C_WaitOnTXEFlagUntilTimeout
                0x0000000008002220       0x82 ./Drivers/STM32F4xx_HAL_Driver/Src/stm32f4xx_hal_i2c.o
 .text.I2C_WaitOnBTFFlagUntilTimeout
                0x00000000080022a2       0x82 ./Drivers/STM32F4xx_HAL_Driver/Src/stm32f4xx_hal_i2c.o
 .text.I2C_IsAcknowledgeFailed
                0x0000000008002324       0x5e ./Drivers/STM32F4xx_HAL_Driver/Src/stm32f4xx_hal_i2c.o
 *fill*         0x0000000008002382        0x2 
 .text.HAL_RCC_OscConfig
                0x0000000008002384      0x4f0 ./Drivers/STM32F4xx_HAL_Driver/Src/stm32f4xx_hal_rcc.o
                0x0000000008002384                HAL_RCC_OscConfig
 .text.HAL_RCC_ClockConfig
                0x0000000008002874      0x1cc ./Drivers/STM32F4xx_HAL_Driver/Src/stm32f4xx_hal_rcc.o
                0x0000000008002874                HAL_RCC_ClockConfig
 .text.HAL_RCC_GetSysClockFreq
                0x0000000008002a40      0x18c ./Drivers/STM32F4xx_HAL_Driver/Src/stm32f4xx_hal_rcc.o
                0x0000000008002a40                HAL_RCC_GetSysClockFreq
 .text.HAL_RCC_GetHCLKFreq
                0x0000000008002bcc       0x18 ./Drivers/STM32F4xx_HAL_Driver/Src/stm32f4xx_hal_rcc.o
                0x0000000008002bcc                HAL_RCC_GetHCLKFreq
 .text.HAL_RCC_GetPCLK1Freq
                0x0000000008002be4       0x28 ./Drivers/STM32F4xx_HAL_Driver/Src/stm32f4xx_hal_rcc.o
                0x0000000008002be4                HAL_RCC_GetPCLK1Freq
 .text.HAL_SPI_Init
                0x0000000008002c0c      0x112 ./Drivers/STM32F4xx_HAL_Driver/Src/stm32f4xx_hal_spi.o
                0x0000000008002c0c                HAL_SPI_Init
 .text.HAL_SPI_Transmit
                0x0000000008002d1e      0x278 ./Drivers/STM32F4xx_HAL_Driver/Src/stm32f4xx_hal_spi.o
                0x0000000008002d1e                HAL_SPI_Transmit
 .text.HAL_SPI_Receive
                0x0000000008002f96      0x222 ./Drivers/STM32F4xx_HAL_Driver/Src/stm32f4xx_hal_spi.o
                0x0000000008002f96                HAL_SPI_Receive
 .text.HAL_SPI_TransmitReceive
                0x00000000080031b8      0x344 ./Drivers/STM32F4xx_HAL_Driver/Src/stm32f4xx_hal_spi.o
                0x00000000080031b8                HAL_SPI_TransmitReceive
 .text.SPI_WaitFlagStateUntilTimeout
                0x00000000080034fc      0x110 ./Drivers/STM32F4xx_HAL_Driver/Src/stm32f4xx_hal_spi.o
 .text.SPI_EndRxTransaction
                0x000000000800360c       0xca ./Drivers/STM32F4xx_HAL_Driver/Src/stm32f4xx_hal_spi.o
 *fill*         0x00000000080036d6        0x2 
 .text.SPI_EndRxTxTransaction
                0x00000000080036d8       0x84 ./Drivers/STM32F4xx_HAL_Driver/Src/stm32f4xx_hal_spi.o
 .text.sprintf  0x000000000800375c       0x40 C:/ST/STM32CubeIDE_1.13.2/STM32CubeIDE/plugins/com.st.stm32cube.ide.mcu.externaltools.gnu-tools-for-stm32.11.3.rel1.win32_1.1.1.202309131626/tools/bin/../lib/gcc/arm-none-eabi/11.3.1/../../../../arm-none-eabi/lib/thumb/v7e-m+fp/hard\libc_nano.a(libc_a-sprintf.o)
                0x000000000800375c                siprintf
                0x000000000800375c                sprintf
 .text.memset   0x000000000800379c       0x10 C:/ST/STM32CubeIDE_1.13.2/STM32CubeIDE/plugins/com.st.stm32cube.ide.mcu.externaltools.gnu-tools-for-stm32.11.3.rel1.win32_1.1.1.202309131626/tools/bin/../lib/gcc/arm-none-eabi/11.3.1/../../../../arm-none-eabi/lib/thumb/v7e-m+fp/hard\libc_nano.a(libc_a-memset.o)
                0x000000000800379c                memset
 .text.__errno  0x00000000080037ac        0xc C:/ST/STM32CubeIDE_1.13.2/STM32CubeIDE/plugins/com.st.stm32cube.ide.mcu.externaltools.gnu-tools-for-stm32.11.3.rel1.win32_1.1.1.202309131626/tools/bin/../lib/gcc/arm-none-eabi/11.3.1/../../../../arm-none-eabi/lib/thumb/v7e-m+fp/hard\libc_nano.a(libc_a-errno.o)
                0x00000000080037ac                __errno
 .text.__libc_init_array
                0x00000000080037b8       0x48 C:/ST/STM32CubeIDE_1.13.2/STM32CubeIDE/plugins/com.st.stm32cube.ide.mcu.externaltools.gnu-tools-for-stm32.11.3.rel1.win32_1.1.1.202309131626/tools/bin/../lib/gcc/arm-none-eabi/11.3.1/../../../../arm-none-eabi/lib/thumb/v7e-m+fp/hard\libc_nano.a(libc_a-init.o)
                0x00000000080037b8                __libc_init_array
 .text.__retarget_lock_acquire_recursive
                0x0000000008003800        0x2 C:/ST/STM32CubeIDE_1.13.2/STM32CubeIDE/plugins/com.st.stm32cube.ide.mcu.externaltools.gnu-tools-for-stm32.11.3.rel1.win32_1.1.1.202309131626/tools/bin/../lib/gcc/arm-none-eabi/11.3.1/../../../../arm-none-eabi/lib/thumb/v7e-m+fp/hard\libc_nano.a(libc_a-lock.o)
                0x0000000008003800                __retarget_lock_acquire_recursive
 .text.__retarget_lock_release_recursive
                0x0000000008003802        0x2 C:/ST/STM32CubeIDE_1.13.2/STM32CubeIDE/plugins/com.st.stm32cube.ide.mcu.externaltools.gnu-tools-for-stm32.11.3.rel1.win32_1.1.1.202309131626/tools/bin/../lib/gcc/arm-none-eabi/11.3.1/../../../../arm-none-eabi/lib/thumb/v7e-m+fp/hard\libc_nano.a(libc_a-lock.o)
                0x0000000008003802                __retarget_lock_release_recursive
 .text.memcpy   0x0000000008003804       0x1c C:/ST/STM32CubeIDE_1.13.2/STM32CubeIDE/plugins/com.st.stm32cube.ide.mcu.externaltools.gnu-tools-for-stm32.11.3.rel1.win32_1.1.1.202309131626/tools/bin/../lib/gcc/arm-none-eabi/11.3.1/../../../../arm-none-eabi/lib/thumb/v7e-m+fp/hard\libc_nano.a(libc_a-memcpy-stub.o)
                0x0000000008003804                memcpy
 .text._free_r  0x0000000008003820       0x98 C:/ST/STM32CubeIDE_1.13.2/STM32CubeIDE/plugins/com.st.stm32cube.ide.mcu.externaltools.gnu-tools-for-stm32.11.3.rel1.win32_1.1.1.202309131626/tools/bin/../lib/gcc/arm-none-eabi/11.3.1/../../../../arm-none-eabi/lib/thumb/v7e-m+fp/hard\libc_nano.a(libc_a-freer.o)
                0x0000000008003820                _free_r
 .text.sbrk_aligned
                0x00000000080038b8       0x40 C:/ST/STM32CubeIDE_1.13.2/STM32CubeIDE/plugins/com.st.stm32cube.ide.mcu.externaltools.gnu-tools-for-stm32.11.3.rel1.win32_1.1.1.202309131626/tools/bin/../lib/gcc/arm-none-eabi/11.3.1/../../../../arm-none-eabi/lib/thumb/v7e-m+fp/hard\libc_nano.a(libc_a-mallocr.o)
 .text._malloc_r
                0x00000000080038f8      0x100 C:/ST/STM32CubeIDE_1.13.2/STM32CubeIDE/plugins/com.st.stm32cube.ide.mcu.externaltools.gnu-tools-for-stm32.11.3.rel1.win32_1.1.1.202309131626/tools/bin/../lib/gcc/arm-none-eabi/11.3.1/../../../../arm-none-eabi/lib/thumb/v7e-m+fp/hard\libc_nano.a(libc_a-mallocr.o)
                0x00000000080038f8                _malloc_r
 .text.__malloc_lock
                0x00000000080039f8        0xc C:/ST/STM32CubeIDE_1.13.2/STM32CubeIDE/plugins/com.st.stm32cube.ide.mcu.externaltools.gnu-tools-for-stm32.11.3.rel1.win32_1.1.1.202309131626/tools/bin/../lib/gcc/arm-none-eabi/11.3.1/../../../../arm-none-eabi/lib/thumb/v7e-m+fp/hard\libc_nano.a(libc_a-mlock.o)
                0x00000000080039f8                __malloc_lock
 .text.__malloc_unlock
                0x0000000008003a04        0xc C:/ST/STM32CubeIDE_1.13.2/STM32CubeIDE/plugins/com.st.stm32cube.ide.mcu.externaltools.gnu-tools-for-stm32.11.3.rel1.win32_1.1.1.202309131626/tools/bin/../lib/gcc/arm-none-eabi/11.3.1/../../../../arm-none-eabi/lib/thumb/v7e-m+fp/hard\libc_nano.a(libc_a-mlock.o)
                0x0000000008003a04                __malloc_unlock
 .text.__ssputs_r
                0x0000000008003a10       0xb4 C:/ST/STM32CubeIDE_1.13.2/STM32CubeIDE/plugins/com.st.stm32cube.ide.mcu.externaltools.gnu-tools-for-stm32.11.3.rel1.win32_1.1.1.202309131626/tools/bin/../lib/gcc/arm-none-eabi/11.3.1/../../../../arm-none-eabi/lib/thumb/v7e-m+fp/hard\libc_nano.a(libc_a-nano-svfprintf.o)
                0x0000000008003a10                __ssputs_r
 .text._svfprintf_r
                0x0000000008003ac4      0x1fc C:/ST/STM32CubeIDE_1.13.2/STM32CubeIDE/plugins/com.st.stm32cube.ide.mcu.externaltools.gnu-tools-for-stm32.11.3.rel1.win32_1.1.1.202309131626/tools/bin/../lib/gcc/arm-none-eabi/11.3.1/../../../../arm-none-eabi/lib/thumb/v7e-m+fp/hard\libc_nano.a(libc_a-nano-svfprintf.o)
                0x0000000008003ac4                _svfiprintf_r
                0x0000000008003ac4                _svfprintf_r
 .text._printf_common
                0x0000000008003cc0       0xda C:/ST/STM32CubeIDE_1.13.2/STM32CubeIDE/plugins/com.st.stm32cube.ide.mcu.externaltools.gnu-tools-for-stm32.11.3.rel1.win32_1.1.1.202309131626/tools/bin/../lib/gcc/arm-none-eabi/11.3.1/../../../../arm-none-eabi/lib/thumb/v7e-m+fp/hard\libc_nano.a(libc_a-nano-vfprintf_i.o)
                0x0000000008003cc0                _printf_common
 *fill*         0x0000000008003d9a        0x2 
 .text._printf_i
                0x0000000008003d9c      0x244 C:/ST/STM32CubeIDE_1.13.2/STM32CubeIDE/plugins/com.st.stm32cube.ide.mcu.externaltools.gnu-tools-for-stm32.11.3.rel1.win32_1.1.1.202309131626/tools/bin/../lib/gcc/arm-none-eabi/11.3.1/../../../../arm-none-eabi/lib/thumb/v7e-m+fp/hard\libc_nano.a(libc_a-nano-vfprintf_i.o)
                0x0000000008003d9c                _printf_i
 .text.memmove  0x0000000008003fe0       0x34 C:/ST/STM32CubeIDE_1.13.2/STM32CubeIDE/plugins/com.st.stm32cube.ide.mcu.externaltools.gnu-tools-for-stm32.11.3.rel1.win32_1.1.1.202309131626/tools/bin/../lib/gcc/arm-none-eabi/11.3.1/../../../../arm-none-eabi/lib/thumb/v7e-m+fp/hard\libc_nano.a(libc_a-memmove.o)
                0x0000000008003fe0                memmove
 .text._sbrk_r  0x0000000008004014       0x20 C:/ST/STM32CubeIDE_1.13.2/STM32CubeIDE/plugins/com.st.stm32cube.ide.mcu.externaltools.gnu-tools-for-stm32.11.3.rel1.win32_1.1.1.202309131626/tools/bin/../lib/gcc/arm-none-eabi/11.3.1/../../../../arm-none-eabi/lib/thumb/v7e-m+fp/hard\libc_nano.a(libc_a-sbrkr.o)
                0x0000000008004014                _sbrk_r
 .text._realloc_r
                0x0000000008004034       0x5e C:/ST/STM32CubeIDE_1.13.2/STM32CubeIDE/plugins/com.st.stm32cube.ide.mcu.externaltools.gnu-tools-for-stm32.11.3.rel1.win32_1.1.1.202309131626/tools/bin/../lib/gcc/arm-none-eabi/11.3.1/../../../../arm-none-eabi/lib/thumb/v7e-m+fp/hard\libc_nano.a(libc_a-reallocr.o)
                0x0000000008004034                _realloc_r
 .text._malloc_usable_size_r
                0x0000000008004092       0x10 C:/ST/STM32CubeIDE_1.13.2/STM32CubeIDE/plugins/com.st.stm32cube.ide.mcu.externaltools.gnu-tools-for-stm32.11.3.rel1.win32_1.1.1.202309131626/tools/bin/../lib/gcc/arm-none-eabi/11.3.1/../../../../arm-none-eabi/lib/thumb/v7e-m+fp/hard\libc_nano.a(libc_a-msizer.o)
                0x0000000008004092                _malloc_usable_size_r
 *(.glue_7)
 .glue_7        0x00000000080040a2        0x0 linker stubs
 *(.glue_7t)
 .glue_7t       0x00000000080040a2        0x0 linker stubs
 *(.eh_frame)
 *fill*         0x00000000080040a2        0x2 
 .eh_frame      0x00000000080040a4        0x0 C:/ST/STM32CubeIDE_1.13.2/STM32CubeIDE/plugins/com.st.stm32cube.ide.mcu.externaltools.gnu-tools-for-stm32.11.3.rel1.win32_1.1.1.202309131626/tools/bin/../lib/gcc/arm-none-eabi/11.3.1/thumb/v7e-m+fp/hard/crtbegin.o
 *(.init)
 .init          0x00000000080040a4        0x4 C:/ST/STM32CubeIDE_1.13.2/STM32CubeIDE/plugins/com.st.stm32cube.ide.mcu.externaltools.gnu-tools-for-stm32.11.3.rel1.win32_1.1.1.202309131626/tools/bin/../lib/gcc/arm-none-eabi/11.3.1/thumb/v7e-m+fp/hard/crti.o
                0x00000000080040a4                _init
 .init          0x00000000080040a8        0x8 C:/ST/STM32CubeIDE_1.13.2/STM32CubeIDE/plugins/com.st.stm32cube.ide.mcu.externaltools.gnu-tools-for-stm32.11.3.rel1.win32_1.1.1.202309131626/tools/bin/../lib/gcc/arm-none-eabi/11.3.1/thumb/v7e-m+fp/hard/crtn.o
 *(.fini)
 .fini          0x00000000080040b0        0x4 C:/ST/STM32CubeIDE_1.13.2/STM32CubeIDE/plugins/com.st.stm32cube.ide.mcu.externaltools.gnu-tools-for-stm32.11.3.rel1.win32_1.1.1.202309131626/tools/bin/../lib/gcc/arm-none-eabi/11.3.1/thumb/v7e-m+fp/hard/crti.o
                0x00000000080040b0                _fini
 .fini          0x00000000080040b4        0x8 C:/ST/STM32CubeIDE_1.13.2/STM32CubeIDE/plugins/com.st.stm32cube.ide.mcu.externaltools.gnu-tools-for-stm32.11.3.rel1.win32_1.1.1.202309131626/tools/bin/../lib/gcc/arm-none-eabi/11.3.1/thumb/v7e-m+fp/hard/crtn.o
                0x00000000080040bc                . = ALIGN (0x4)
                0x00000000080040bc                _etext = .

.vfp11_veneer   0x00000000080040bc        0x0
 .vfp11_veneer  0x00000000080040bc        0x0 linker stubs

.v4_bx          0x00000000080040bc        0x0
 .v4_bx         0x00000000080040bc        0x0 linker stubs

.iplt           0x00000000080040bc        0x0
 .iplt          0x00000000080040bc        0x0 C:/ST/STM32CubeIDE_1.13.2/STM32CubeIDE/plugins/com.st.stm32cube.ide.mcu.externaltools.gnu-tools-for-stm32.11.3.rel1.win32_1.1.1.202309131626/tools/bin/../lib/gcc/arm-none-eabi/11.3.1/thumb/v7e-m+fp/hard/crtbegin.o

.rodata         0x00000000080040bc     0x1538
                0x00000000080040bc                . = ALIGN (0x4)
 *(.rodata)
 .rodata        0x00000000080040bc        0x6 ./Core/Src/ADXL.o
 *fill*         0x00000000080040c2        0x2 
 .rodata        0x00000000080040c4       0x1a ./Core/Src/main.o
 *(.rodata*)
 *fill*         0x00000000080040de        0x2 
 .rodata.Font7x10
                0x00000000080040e0      0x76c ./Core/Src/ssd1306_fonts.o
 .rodata.Font11x18
                0x000000000800484c      0xd5c ./Core/Src/ssd1306_fonts.o
 .rodata.AHBPrescTable
                0x00000000080055a8       0x10 ./Core/Src/system_stm32f4xx.o
                0x00000000080055a8                AHBPrescTable
 .rodata.APBPrescTable
                0x00000000080055b8        0x8 ./Core/Src/system_stm32f4xx.o
                0x00000000080055b8                APBPrescTable
 .rodata._svfprintf_r.str1.1
                0x00000000080055c0       0x11 C:/ST/STM32CubeIDE_1.13.2/STM32CubeIDE/plugins/com.st.stm32cube.ide.mcu.externaltools.gnu-tools-for-stm32.11.3.rel1.win32_1.1.1.202309131626/tools/bin/../lib/gcc/arm-none-eabi/11.3.1/../../../../arm-none-eabi/lib/thumb/v7e-m+fp/hard\libc_nano.a(libc_a-nano-svfprintf.o)
 .rodata._printf_i.str1.1
                0x00000000080055d1       0x22 C:/ST/STM32CubeIDE_1.13.2/STM32CubeIDE/plugins/com.st.stm32cube.ide.mcu.externaltools.gnu-tools-for-stm32.11.3.rel1.win32_1.1.1.202309131626/tools/bin/../lib/gcc/arm-none-eabi/11.3.1/../../../../arm-none-eabi/lib/thumb/v7e-m+fp/hard\libc_nano.a(libc_a-nano-vfprintf_i.o)
                0x00000000080055f4                . = ALIGN (0x4)
 *fill*         0x00000000080055f3        0x1 

.ARM.extab      0x00000000080055f4        0x0
                0x00000000080055f4                . = ALIGN (0x4)
 *(.ARM.extab* .gnu.linkonce.armextab.*)
                0x00000000080055f4                . = ALIGN (0x4)

.ARM            0x00000000080055f4        0x8
                0x00000000080055f4                . = ALIGN (0x4)
                0x00000000080055f4                __exidx_start = .
 *(.ARM.exidx*)
 .ARM.exidx     0x00000000080055f4        0x8 C:/ST/STM32CubeIDE_1.13.2/STM32CubeIDE/plugins/com.st.stm32cube.ide.mcu.externaltools.gnu-tools-for-stm32.11.3.rel1.win32_1.1.1.202309131626/tools/bin/../lib/gcc/arm-none-eabi/11.3.1/thumb/v7e-m+fp/hard\libgcc.a(_udivmoddi4.o)
                0x00000000080055fc                __exidx_end = .
                0x00000000080055fc                . = ALIGN (0x4)

.rel.dyn        0x00000000080055fc        0x0
 .rel.iplt      0x00000000080055fc        0x0 C:/ST/STM32CubeIDE_1.13.2/STM32CubeIDE/plugins/com.st.stm32cube.ide.mcu.externaltools.gnu-tools-for-stm32.11.3.rel1.win32_1.1.1.202309131626/tools/bin/../lib/gcc/arm-none-eabi/11.3.1/thumb/v7e-m+fp/hard/crtbegin.o

.preinit_array  0x00000000080055fc        0x0
                0x00000000080055fc                . = ALIGN (0x4)
                0x00000000080055fc                PROVIDE (__preinit_array_start = .)
 *(.preinit_array*)
                0x00000000080055fc                PROVIDE (__preinit_array_end = .)
                0x00000000080055fc                . = ALIGN (0x4)

.init_array     0x00000000080055fc        0x4
                0x00000000080055fc                . = ALIGN (0x4)
                0x00000000080055fc                PROVIDE (__init_array_start = .)
 *(SORT_BY_NAME(.init_array.*))
 *(.init_array*)
 .init_array    0x00000000080055fc        0x4 C:/ST/STM32CubeIDE_1.13.2/STM32CubeIDE/plugins/com.st.stm32cube.ide.mcu.externaltools.gnu-tools-for-stm32.11.3.rel1.win32_1.1.1.202309131626/tools/bin/../lib/gcc/arm-none-eabi/11.3.1/thumb/v7e-m+fp/hard/crtbegin.o
                0x0000000008005600                PROVIDE (__init_array_end = .)
                0x0000000008005600                . = ALIGN (0x4)

.fini_array     0x0000000008005600        0x4
                0x0000000008005600                . = ALIGN (0x4)
                [!provide]                        PROVIDE (__fini_array_start = .)
 *(SORT_BY_NAME(.fini_array.*))
 *(.fini_array*)
 .fini_array    0x0000000008005600        0x4 C:/ST/STM32CubeIDE_1.13.2/STM32CubeIDE/plugins/com.st.stm32cube.ide.mcu.externaltools.gnu-tools-for-stm32.11.3.rel1.win32_1.1.1.202309131626/tools/bin/../lib/gcc/arm-none-eabi/11.3.1/thumb/v7e-m+fp/hard/crtbegin.o
                [!provide]                        PROVIDE (__fini_array_end = .)
                0x0000000008005604                . = ALIGN (0x4)
                0x0000000008005604                _sidata = LOADADDR (.data)

.data           0x0000000020000000       0x78 load address 0x0000000008005604
                0x0000000020000000                . = ALIGN (0x4)
                0x0000000020000000                _sdata = .
 *(.data)
 *(.data*)
 .data.InitInf  0x0000000020000000        0x9 ./Core/Src/main.o
 *fill*         0x0000000020000009        0x3 
 .data.Font_7x10
                0x000000002000000c        0x8 ./Core/Src/ssd1306_fonts.o
                0x000000002000000c                Font_7x10
 .data.Font_11x18
                0x0000000020000014        0x8 ./Core/Src/ssd1306_fonts.o
                0x0000000020000014                Font_11x18
 .data.SystemCoreClock
                0x000000002000001c        0x4 ./Core/Src/system_stm32f4xx.o
                0x000000002000001c                SystemCoreClock
 .data.uwTickPrio
                0x0000000020000020        0x4 ./Drivers/STM32F4xx_HAL_Driver/Src/stm32f4xx_hal.o
                0x0000000020000020                uwTickPrio
 .data.uwTickFreq
                0x0000000020000024        0x1 ./Drivers/STM32F4xx_HAL_Driver/Src/stm32f4xx_hal.o
                0x0000000020000024                uwTickFreq
 *fill*         0x0000000020000025        0x3 
 .data._impure_data
                0x0000000020000028       0x4c C:/ST/STM32CubeIDE_1.13.2/STM32CubeIDE/plugins/com.st.stm32cube.ide.mcu.externaltools.gnu-tools-for-stm32.11.3.rel1.win32_1.1.1.202309131626/tools/bin/../lib/gcc/arm-none-eabi/11.3.1/../../../../arm-none-eabi/lib/thumb/v7e-m+fp/hard\libc_nano.a(libc_a-impure.o)
                0x0000000020000028                _impure_data
 .data._impure_ptr
                0x0000000020000074        0x4 C:/ST/STM32CubeIDE_1.13.2/STM32CubeIDE/plugins/com.st.stm32cube.ide.mcu.externaltools.gnu-tools-for-stm32.11.3.rel1.win32_1.1.1.202309131626/tools/bin/../lib/gcc/arm-none-eabi/11.3.1/../../../../arm-none-eabi/lib/thumb/v7e-m+fp/hard\libc_nano.a(libc_a-impure.o)
                0x0000000020000074                _impure_ptr
 *(.RamFunc)
 *(.RamFunc*)
                0x0000000020000078                . = ALIGN (0x4)
                0x0000000020000078                _edata = .

.igot.plt       0x0000000020000078        0x0 load address 0x000000000800567c
 .igot.plt      0x0000000020000078        0x0 C:/ST/STM32CubeIDE_1.13.2/STM32CubeIDE/plugins/com.st.stm32cube.ide.mcu.externaltools.gnu-tools-for-stm32.11.3.rel1.win32_1.1.1.202309131626/tools/bin/../lib/gcc/arm-none-eabi/11.3.1/thumb/v7e-m+fp/hard/crtbegin.o
                0x0000000020000078                . = ALIGN (0x4)

.bss            0x0000000020000078      0x42c load address 0x000000000800567c
                0x0000000020000078                _sbss = .
                0x0000000020000078                __bss_start__ = _sbss
 *(.bss)
 .bss           0x0000000020000078       0x1c C:/ST/STM32CubeIDE_1.13.2/STM32CubeIDE/plugins/com.st.stm32cube.ide.mcu.externaltools.gnu-tools-for-stm32.11.3.rel1.win32_1.1.1.202309131626/tools/bin/../lib/gcc/arm-none-eabi/11.3.1/thumb/v7e-m+fp/hard/crtbegin.o
 *(.bss*)
 .bss.GAINX     0x0000000020000094        0x4 ./Core/Src/ADXL.o
                0x0000000020000094                GAINX
 .bss.GAINY     0x0000000020000098        0x4 ./Core/Src/ADXL.o
                0x0000000020000098                GAINY
 .bss.GAINZ     0x000000002000009c        0x4 ./Core/Src/ADXL.o
                0x000000002000009c                GAINZ
 .bss.hi2c1     0x00000000200000a0       0x54 ./Core/Src/main.o
                0x00000000200000a0                hi2c1
 .bss.hspi1     0x00000000200000f4       0x58 ./Core/Src/main.o
                0x00000000200000f4                hspi1
 .bss.SSD1306_Buffer
                0x000000002000014c      0x200 ./Core/Src/ssd1306.o
 .bss.SSD1306   0x000000002000034c        0x6 ./Core/Src/ssd1306.o
 *fill*         0x0000000020000352        0x2 
 .bss.__sbrk_heap_end
                0x0000000020000354        0x4 ./Core/Src/sysmem.o
 .bss.uwTick    0x0000000020000358        0x4 ./Drivers/STM32F4xx_HAL_Driver/Src/stm32f4xx_hal.o
                0x0000000020000358                uwTick
 .bss.__sf      0x000000002000035c      0x138 C:/ST/STM32CubeIDE_1.13.2/STM32CubeIDE/plugins/com.st.stm32cube.ide.mcu.externaltools.gnu-tools-for-stm32.11.3.rel1.win32_1.1.1.202309131626/tools/bin/../lib/gcc/arm-none-eabi/11.3.1/../../../../arm-none-eabi/lib/thumb/v7e-m+fp/hard\libc_nano.a(libc_a-findfp.o)
                0x000000002000035c                __sf
 .bss.errno     0x0000000020000494        0x4 C:/ST/STM32CubeIDE_1.13.2/STM32CubeIDE/plugins/com.st.stm32cube.ide.mcu.externaltools.gnu-tools-for-stm32.11.3.rel1.win32_1.1.1.202309131626/tools/bin/../lib/gcc/arm-none-eabi/11.3.1/../../../../arm-none-eabi/lib/thumb/v7e-m+fp/hard\libc_nano.a(libc_a-reent.o)
                0x0000000020000494                errno
 .bss.__lock___malloc_recursive_mutex
                0x0000000020000498        0x1 C:/ST/STM32CubeIDE_1.13.2/STM32CubeIDE/plugins/com.st.stm32cube.ide.mcu.externaltools.gnu-tools-for-stm32.11.3.rel1.win32_1.1.1.202309131626/tools/bin/../lib/gcc/arm-none-eabi/11.3.1/../../../../arm-none-eabi/lib/thumb/v7e-m+fp/hard\libc_nano.a(libc_a-lock.o)
                0x0000000020000498                __lock___malloc_recursive_mutex
 *fill*         0x0000000020000499        0x3 
 .bss.__malloc_free_list
                0x000000002000049c        0x4 C:/ST/STM32CubeIDE_1.13.2/STM32CubeIDE/plugins/com.st.stm32cube.ide.mcu.externaltools.gnu-tools-for-stm32.11.3.rel1.win32_1.1.1.202309131626/tools/bin/../lib/gcc/arm-none-eabi/11.3.1/../../../../arm-none-eabi/lib/thumb/v7e-m+fp/hard\libc_nano.a(libc_a-mallocr.o)
                0x000000002000049c                __malloc_free_list
 .bss.__malloc_sbrk_start
                0x00000000200004a0        0x4 C:/ST/STM32CubeIDE_1.13.2/STM32CubeIDE/plugins/com.st.stm32cube.ide.mcu.externaltools.gnu-tools-for-stm32.11.3.rel1.win32_1.1.1.202309131626/tools/bin/../lib/gcc/arm-none-eabi/11.3.1/../../../../arm-none-eabi/lib/thumb/v7e-m+fp/hard\libc_nano.a(libc_a-mallocr.o)
                0x00000000200004a0                __malloc_sbrk_start
 *(COMMON)
                0x00000000200004a4                . = ALIGN (0x4)
                0x00000000200004a4                _ebss = .
                0x00000000200004a4                __bss_end__ = _ebss

._user_heap_stack
                0x00000000200004a4      0x604 load address 0x000000000800567c
                0x00000000200004a8                . = ALIGN (0x8)
 *fill*         0x00000000200004a4        0x4 
                [!provide]                        PROVIDE (end = .)
                0x00000000200004a8                PROVIDE (_end = .)
                0x00000000200006a8                . = (. + _Min_Heap_Size)
 *fill*         0x00000000200004a8      0x200 
                0x0000000020000aa8                . = (. + _Min_Stack_Size)
 *fill*         0x00000000200006a8      0x400 
                0x0000000020000aa8                . = ALIGN (0x8)

/DISCARD/
 libc.a(*)
 libm.a(*)
 libgcc.a(*)

.ARM.attributes
                0x0000000000000000       0x30
 *(.ARM.attributes)
 .ARM.attributes
                0x0000000000000000       0x1e C:/ST/STM32CubeIDE_1.13.2/STM32CubeIDE/plugins/com.st.stm32cube.ide.mcu.externaltools.gnu-tools-for-stm32.11.3.rel1.win32_1.1.1.202309131626/tools/bin/../lib/gcc/arm-none-eabi/11.3.1/thumb/v7e-m+fp/hard/crti.o
 .ARM.attributes
                0x000000000000001e       0x34 C:/ST/STM32CubeIDE_1.13.2/STM32CubeIDE/plugins/com.st.stm32cube.ide.mcu.externaltools.gnu-tools-for-stm32.11.3.rel1.win32_1.1.1.202309131626/tools/bin/../lib/gcc/arm-none-eabi/11.3.1/thumb/v7e-m+fp/hard/crtbegin.o
 .ARM.attributes
                0x0000000000000052       0x34 ./Core/Src/ADXL.o
 .ARM.attributes
                0x0000000000000086       0x34 ./Core/Src/main.o
 .ARM.attributes
                0x00000000000000ba       0x34 ./Core/Src/ssd1306.o
 .ARM.attributes
                0x00000000000000ee       0x34 ./Core/Src/ssd1306_fonts.o
 .ARM.attributes
                0x0000000000000122       0x34 ./Core/Src/stm32f4xx_hal_msp.o
 .ARM.attributes
                0x0000000000000156       0x34 ./Core/Src/stm32f4xx_it.o
 .ARM.attributes
                0x000000000000018a       0x34 ./Core/Src/sysmem.o
 .ARM.attributes
                0x00000000000001be       0x34 ./Core/Src/system_stm32f4xx.o
 .ARM.attributes
                0x00000000000001f2       0x21 ./Core/Startup/startup_stm32f401retx.o
 .ARM.attributes
                0x0000000000000213       0x34 ./Drivers/STM32F4xx_HAL_Driver/Src/stm32f4xx_hal.o
 .ARM.attributes
                0x0000000000000247       0x34 ./Drivers/STM32F4xx_HAL_Driver/Src/stm32f4xx_hal_cortex.o
 .ARM.attributes
                0x000000000000027b       0x34 ./Drivers/STM32F4xx_HAL_Driver/Src/stm32f4xx_hal_gpio.o
 .ARM.attributes
                0x00000000000002af       0x34 ./Drivers/STM32F4xx_HAL_Driver/Src/stm32f4xx_hal_i2c.o
 .ARM.attributes
                0x00000000000002e3       0x34 ./Drivers/STM32F4xx_HAL_Driver/Src/stm32f4xx_hal_rcc.o
 .ARM.attributes
                0x0000000000000317       0x34 ./Drivers/STM32F4xx_HAL_Driver/Src/stm32f4xx_hal_spi.o
 .ARM.attributes
                0x000000000000034b       0x34 C:/ST/STM32CubeIDE_1.13.2/STM32CubeIDE/plugins/com.st.stm32cube.ide.mcu.externaltools.gnu-tools-for-stm32.11.3.rel1.win32_1.1.1.202309131626/tools/bin/../lib/gcc/arm-none-eabi/11.3.1/../../../../arm-none-eabi/lib/thumb/v7e-m+fp/hard\libc_nano.a(libc_a-findfp.o)
 .ARM.attributes
                0x000000000000037f       0x34 C:/ST/STM32CubeIDE_1.13.2/STM32CubeIDE/plugins/com.st.stm32cube.ide.mcu.externaltools.gnu-tools-for-stm32.11.3.rel1.win32_1.1.1.202309131626/tools/bin/../lib/gcc/arm-none-eabi/11.3.1/../../../../arm-none-eabi/lib/thumb/v7e-m+fp/hard\libc_nano.a(libc_a-sprintf.o)
 .ARM.attributes
                0x00000000000003b3       0x34 C:/ST/STM32CubeIDE_1.13.2/STM32CubeIDE/plugins/com.st.stm32cube.ide.mcu.externaltools.gnu-tools-for-stm32.11.3.rel1.win32_1.1.1.202309131626/tools/bin/../lib/gcc/arm-none-eabi/11.3.1/../../../../arm-none-eabi/lib/thumb/v7e-m+fp/hard\libc_nano.a(libc_a-memset.o)
 .ARM.attributes
                0x00000000000003e7       0x34 C:/ST/STM32CubeIDE_1.13.2/STM32CubeIDE/plugins/com.st.stm32cube.ide.mcu.externaltools.gnu-tools-for-stm32.11.3.rel1.win32_1.1.1.202309131626/tools/bin/../lib/gcc/arm-none-eabi/11.3.1/../../../../arm-none-eabi/lib/thumb/v7e-m+fp/hard\libc_nano.a(libc_a-reent.o)
 .ARM.attributes
                0x000000000000041b       0x34 C:/ST/STM32CubeIDE_1.13.2/STM32CubeIDE/plugins/com.st.stm32cube.ide.mcu.externaltools.gnu-tools-for-stm32.11.3.rel1.win32_1.1.1.202309131626/tools/bin/../lib/gcc/arm-none-eabi/11.3.1/../../../../arm-none-eabi/lib/thumb/v7e-m+fp/hard\libc_nano.a(libc_a-impure.o)
 .ARM.attributes
                0x000000000000044f       0x34 C:/ST/STM32CubeIDE_1.13.2/STM32CubeIDE/plugins/com.st.stm32cube.ide.mcu.externaltools.gnu-tools-for-stm32.11.3.rel1.win32_1.1.1.202309131626/tools/bin/../lib/gcc/arm-none-eabi/11.3.1/../../../../arm-none-eabi/lib/thumb/v7e-m+fp/hard\libc_nano.a(libc_a-errno.o)
 .ARM.attributes
                0x0000000000000483       0x34 C:/ST/STM32CubeIDE_1.13.2/STM32CubeIDE/plugins/com.st.stm32cube.ide.mcu.externaltools.gnu-tools-for-stm32.11.3.rel1.win32_1.1.1.202309131626/tools/bin/../lib/gcc/arm-none-eabi/11.3.1/../../../../arm-none-eabi/lib/thumb/v7e-m+fp/hard\libc_nano.a(libc_a-init.o)
 .ARM.attributes
                0x00000000000004b7       0x34 C:/ST/STM32CubeIDE_1.13.2/STM32CubeIDE/plugins/com.st.stm32cube.ide.mcu.externaltools.gnu-tools-for-stm32.11.3.rel1.win32_1.1.1.202309131626/tools/bin/../lib/gcc/arm-none-eabi/11.3.1/../../../../arm-none-eabi/lib/thumb/v7e-m+fp/hard\libc_nano.a(libc_a-lock.o)
 .ARM.attributes
                0x00000000000004eb       0x34 C:/ST/STM32CubeIDE_1.13.2/STM32CubeIDE/plugins/com.st.stm32cube.ide.mcu.externaltools.gnu-tools-for-stm32.11.3.rel1.win32_1.1.1.202309131626/tools/bin/../lib/gcc/arm-none-eabi/11.3.1/../../../../arm-none-eabi/lib/thumb/v7e-m+fp/hard\libc_nano.a(libc_a-memcpy-stub.o)
 .ARM.attributes
                0x000000000000051f       0x34 C:/ST/STM32CubeIDE_1.13.2/STM32CubeIDE/plugins/com.st.stm32cube.ide.mcu.externaltools.gnu-tools-for-stm32.11.3.rel1.win32_1.1.1.202309131626/tools/bin/../lib/gcc/arm-none-eabi/11.3.1/../../../../arm-none-eabi/lib/thumb/v7e-m+fp/hard\libc_nano.a(libc_a-freer.o)
 .ARM.attributes
                0x0000000000000553       0x34 C:/ST/STM32CubeIDE_1.13.2/STM32CubeIDE/plugins/com.st.stm32cube.ide.mcu.externaltools.gnu-tools-for-stm32.11.3.rel1.win32_1.1.1.202309131626/tools/bin/../lib/gcc/arm-none-eabi/11.3.1/../../../../arm-none-eabi/lib/thumb/v7e-m+fp/hard\libc_nano.a(libc_a-mallocr.o)
 .ARM.attributes
                0x0000000000000587       0x34 C:/ST/STM32CubeIDE_1.13.2/STM32CubeIDE/plugins/com.st.stm32cube.ide.mcu.externaltools.gnu-tools-for-stm32.11.3.rel1.win32_1.1.1.202309131626/tools/bin/../lib/gcc/arm-none-eabi/11.3.1/../../../../arm-none-eabi/lib/thumb/v7e-m+fp/hard\libc_nano.a(libc_a-mlock.o)
 .ARM.attributes
                0x00000000000005bb       0x34 C:/ST/STM32CubeIDE_1.13.2/STM32CubeIDE/plugins/com.st.stm32cube.ide.mcu.externaltools.gnu-tools-for-stm32.11.3.rel1.win32_1.1.1.202309131626/tools/bin/../lib/gcc/arm-none-eabi/11.3.1/../../../../arm-none-eabi/lib/thumb/v7e-m+fp/hard\libc_nano.a(libc_a-nano-svfprintf.o)
 .ARM.attributes
                0x00000000000005ef       0x34 C:/ST/STM32CubeIDE_1.13.2/STM32CubeIDE/plugins/com.st.stm32cube.ide.mcu.externaltools.gnu-tools-for-stm32.11.3.rel1.win32_1.1.1.202309131626/tools/bin/../lib/gcc/arm-none-eabi/11.3.1/../../../../arm-none-eabi/lib/thumb/v7e-m+fp/hard\libc_nano.a(libc_a-nano-vfprintf_i.o)
 .ARM.attributes
                0x0000000000000623       0x34 C:/ST/STM32CubeIDE_1.13.2/STM32CubeIDE/plugins/com.st.stm32cube.ide.mcu.externaltools.gnu-tools-for-stm32.11.3.rel1.win32_1.1.1.202309131626/tools/bin/../lib/gcc/arm-none-eabi/11.3.1/../../../../arm-none-eabi/lib/thumb/v7e-m+fp/hard\libc_nano.a(libc_a-memmove.o)
 .ARM.attributes
                0x0000000000000657       0x34 C:/ST/STM32CubeIDE_1.13.2/STM32CubeIDE/plugins/com.st.stm32cube.ide.mcu.externaltools.gnu-tools-for-stm32.11.3.rel1.win32_1.1.1.202309131626/tools/bin/../lib/gcc/arm-none-eabi/11.3.1/../../../../arm-none-eabi/lib/thumb/v7e-m+fp/hard\libc_nano.a(libc_a-sbrkr.o)
 .ARM.attributes
                0x000000000000068b       0x1c C:/ST/STM32CubeIDE_1.13.2/STM32CubeIDE/plugins/com.st.stm32cube.ide.mcu.externaltools.gnu-tools-for-stm32.11.3.rel1.win32_1.1.1.202309131626/tools/bin/../lib/gcc/arm-none-eabi/11.3.1/../../../../arm-none-eabi/lib/thumb/v7e-m+fp/hard\libc_nano.a(libc_a-memchr.o)
 .ARM.attributes
                0x00000000000006a7       0x34 C:/ST/STM32CubeIDE_1.13.2/STM32CubeIDE/plugins/com.st.stm32cube.ide.mcu.externaltools.gnu-tools-for-stm32.11.3.rel1.win32_1.1.1.202309131626/tools/bin/../lib/gcc/arm-none-eabi/11.3.1/../../../../arm-none-eabi/lib/thumb/v7e-m+fp/hard\libc_nano.a(libc_a-reallocr.o)
 .ARM.attributes
                0x00000000000006db       0x34 C:/ST/STM32CubeIDE_1.13.2/STM32CubeIDE/plugins/com.st.stm32cube.ide.mcu.externaltools.gnu-tools-for-stm32.11.3.rel1.win32_1.1.1.202309131626/tools/bin/../lib/gcc/arm-none-eabi/11.3.1/../../../../arm-none-eabi/lib/thumb/v7e-m+fp/hard\libc_nano.a(libc_a-msizer.o)
 .ARM.attributes
                0x000000000000070f       0x1e C:/ST/STM32CubeIDE_1.13.2/STM32CubeIDE/plugins/com.st.stm32cube.ide.mcu.externaltools.gnu-tools-for-stm32.11.3.rel1.win32_1.1.1.202309131626/tools/bin/../lib/gcc/arm-none-eabi/11.3.1/thumb/v7e-m+fp/hard\libgcc.a(_aeabi_uldivmod.o)
 .ARM.attributes
                0x000000000000072d       0x34 C:/ST/STM32CubeIDE_1.13.2/STM32CubeIDE/plugins/com.st.stm32cube.ide.mcu.externaltools.gnu-tools-for-stm32.11.3.rel1.win32_1.1.1.202309131626/tools/bin/../lib/gcc/arm-none-eabi/11.3.1/thumb/v7e-m+fp/hard\libgcc.a(_udivmoddi4.o)
 .ARM.attributes
                0x0000000000000761       0x1e C:/ST/STM32CubeIDE_1.13.2/STM32CubeIDE/plugins/com.st.stm32cube.ide.mcu.externaltools.gnu-tools-for-stm32.11.3.rel1.win32_1.1.1.202309131626/tools/bin/../lib/gcc/arm-none-eabi/11.3.1/thumb/v7e-m+fp/hard\libgcc.a(_dvmd_tls.o)
 .ARM.attributes
                0x000000000000077f       0x1e C:/ST/STM32CubeIDE_1.13.2/STM32CubeIDE/plugins/com.st.stm32cube.ide.mcu.externaltools.gnu-tools-for-stm32.11.3.rel1.win32_1.1.1.202309131626/tools/bin/../lib/gcc/arm-none-eabi/11.3.1/thumb/v7e-m+fp/hard/crtn.o
OUTPUT(Fall_Detector.elf elf32-littlearm)
LOAD linker stubs
LOAD C:/ST/STM32CubeIDE_1.13.2/STM32CubeIDE/plugins/com.st.stm32cube.ide.mcu.externaltools.gnu-tools-for-stm32.11.3.rel1.win32_1.1.1.202309131626/tools/bin/../lib/gcc/arm-none-eabi/11.3.1/../../../../arm-none-eabi/lib/thumb/v7e-m+fp/hard\libc.a
LOAD C:/ST/STM32CubeIDE_1.13.2/STM32CubeIDE/plugins/com.st.stm32cube.ide.mcu.externaltools.gnu-tools-for-stm32.11.3.rel1.win32_1.1.1.202309131626/tools/bin/../lib/gcc/arm-none-eabi/11.3.1/../../../../arm-none-eabi/lib/thumb/v7e-m+fp/hard\libm.a
LOAD C:/ST/STM32CubeIDE_1.13.2/STM32CubeIDE/plugins/com.st.stm32cube.ide.mcu.externaltools.gnu-tools-for-stm32.11.3.rel1.win32_1.1.1.202309131626/tools/bin/../lib/gcc/arm-none-eabi/11.3.1/thumb/v7e-m+fp/hard\libgcc.a

.comment        0x0000000000000000       0x43
 .comment       0x0000000000000000       0x43 C:/ST/STM32CubeIDE_1.13.2/STM32CubeIDE/plugins/com.st.stm32cube.ide.mcu.externaltools.gnu-tools-for-stm32.11.3.rel1.win32_1.1.1.202309131626/tools/bin/../lib/gcc/arm-none-eabi/11.3.1/thumb/v7e-m+fp/hard/crtbegin.o
                                         0x44 (size before relaxing)
 .comment       0x0000000000000043       0x44 ./Core/Src/ADXL.o
 .comment       0x0000000000000043       0x44 ./Core/Src/main.o
 .comment       0x0000000000000043       0x44 ./Core/Src/ssd1306.o
 .comment       0x0000000000000043       0x44 ./Core/Src/ssd1306_fonts.o
 .comment       0x0000000000000043       0x44 ./Core/Src/stm32f4xx_hal_msp.o
 .comment       0x0000000000000043       0x44 ./Core/Src/stm32f4xx_it.o
 .comment       0x0000000000000043       0x44 ./Core/Src/sysmem.o
 .comment       0x0000000000000043       0x44 ./Core/Src/system_stm32f4xx.o
 .comment       0x0000000000000043       0x44 ./Drivers/STM32F4xx_HAL_Driver/Src/stm32f4xx_hal.o
 .comment       0x0000000000000043       0x44 ./Drivers/STM32F4xx_HAL_Driver/Src/stm32f4xx_hal_cortex.o
 .comment       0x0000000000000043       0x44 ./Drivers/STM32F4xx_HAL_Driver/Src/stm32f4xx_hal_gpio.o
 .comment       0x0000000000000043       0x44 ./Drivers/STM32F4xx_HAL_Driver/Src/stm32f4xx_hal_i2c.o
 .comment       0x0000000000000043       0x44 ./Drivers/STM32F4xx_HAL_Driver/Src/stm32f4xx_hal_rcc.o
 .comment       0x0000000000000043       0x44 ./Drivers/STM32F4xx_HAL_Driver/Src/stm32f4xx_hal_spi.o

.debug_info     0x0000000000000000     0xa629
 .debug_info    0x0000000000000000      0xdc6 ./Core/Src/ADXL.o
 .debug_info    0x0000000000000dc6     0x10fa ./Core/Src/main.o
 .debug_info    0x0000000000001ec0     0x11c7 ./Core/Src/ssd1306.o
 .debug_info    0x0000000000003087      0x216 ./Core/Src/ssd1306_fonts.o
 .debug_info    0x000000000000329d      0xc62 ./Core/Src/stm32f4xx_hal_msp.o
 .debug_info    0x0000000000003eff      0x112 ./Core/Src/stm32f4xx_it.o
 .debug_info    0x0000000000004011      0x168 ./Core/Src/sysmem.o
 .debug_info    0x0000000000004179      0x53e ./Core/Src/system_stm32f4xx.o
 .debug_info    0x00000000000046b7       0x23 ./Core/Startup/startup_stm32f401retx.o
 .debug_info    0x00000000000046da      0x8bb ./Drivers/STM32F4xx_HAL_Driver/Src/stm32f4xx_hal.o
 .debug_info    0x0000000000004f95      0xcb0 ./Drivers/STM32F4xx_HAL_Driver/Src/stm32f4xx_hal_cortex.o
 .debug_info    0x0000000000005c45      0x6f9 ./Drivers/STM32F4xx_HAL_Driver/Src/stm32f4xx_hal_gpio.o
 .debug_info    0x000000000000633e     0x23f2 ./Drivers/STM32F4xx_HAL_Driver/Src/stm32f4xx_hal_i2c.o
 .debug_info    0x0000000000008730      0x8f3 ./Drivers/STM32F4xx_HAL_Driver/Src/stm32f4xx_hal_rcc.o
 .debug_info    0x0000000000009023     0x1606 ./Drivers/STM32F4xx_HAL_Driver/Src/stm32f4xx_hal_spi.o

.debug_abbrev   0x0000000000000000     0x1caf
 .debug_abbrev  0x0000000000000000      0x2bb ./Core/Src/ADXL.o
 .debug_abbrev  0x00000000000002bb      0x29c ./Core/Src/main.o
 .debug_abbrev  0x0000000000000557      0x35c ./Core/Src/ssd1306.o
 .debug_abbrev  0x00000000000008b3       0xc6 ./Core/Src/ssd1306_fonts.o
 .debug_abbrev  0x0000000000000979      0x1a5 ./Core/Src/stm32f4xx_hal_msp.o
 .debug_abbrev  0x0000000000000b1e       0x73 ./Core/Src/stm32f4xx_it.o
 .debug_abbrev  0x0000000000000b91       0xbc ./Core/Src/sysmem.o
 .debug_abbrev  0x0000000000000c4d      0x11a ./Core/Src/system_stm32f4xx.o
 .debug_abbrev  0x0000000000000d67       0x12 ./Core/Startup/startup_stm32f401retx.o
 .debug_abbrev  0x0000000000000d79      0x24b ./Drivers/STM32F4xx_HAL_Driver/Src/stm32f4xx_hal.o
 .debug_abbrev  0x0000000000000fc4      0x327 ./Drivers/STM32F4xx_HAL_Driver/Src/stm32f4xx_hal_cortex.o
 .debug_abbrev  0x00000000000012eb      0x1d3 ./Drivers/STM32F4xx_HAL_Driver/Src/stm32f4xx_hal_gpio.o
 .debug_abbrev  0x00000000000014be      0x2bc ./Drivers/STM32F4xx_HAL_Driver/Src/stm32f4xx_hal_i2c.o
 .debug_abbrev  0x000000000000177a      0x2b5 ./Drivers/STM32F4xx_HAL_Driver/Src/stm32f4xx_hal_rcc.o
 .debug_abbrev  0x0000000000001a2f      0x280 ./Drivers/STM32F4xx_HAL_Driver/Src/stm32f4xx_hal_spi.o

.debug_aranges  0x0000000000000000      0xa70
 .debug_aranges
                0x0000000000000000       0xc8 ./Core/Src/ADXL.o
 .debug_aranges
                0x00000000000000c8       0x48 ./Core/Src/main.o
 .debug_aranges
                0x0000000000000110       0xe0 ./Core/Src/ssd1306.o
 .debug_aranges
                0x00000000000001f0       0x18 ./Core/Src/ssd1306_fonts.o
 .debug_aranges
                0x0000000000000208       0x40 ./Core/Src/stm32f4xx_hal_msp.o
 .debug_aranges
                0x0000000000000248       0x60 ./Core/Src/stm32f4xx_it.o
 .debug_aranges
                0x00000000000002a8       0x20 ./Core/Src/sysmem.o
 .debug_aranges
                0x00000000000002c8       0x28 ./Core/Src/system_stm32f4xx.o
 .debug_aranges
                0x00000000000002f0       0x28 ./Core/Startup/startup_stm32f401retx.o
 .debug_aranges
                0x0000000000000318       0xf0 ./Drivers/STM32F4xx_HAL_Driver/Src/stm32f4xx_hal.o
 .debug_aranges
                0x0000000000000408      0x118 ./Drivers/STM32F4xx_HAL_Driver/Src/stm32f4xx_hal_cortex.o
 .debug_aranges
                0x0000000000000520       0x58 ./Drivers/STM32F4xx_HAL_Driver/Src/stm32f4xx_hal_gpio.o
 .debug_aranges
                0x0000000000000578      0x2a0 ./Drivers/STM32F4xx_HAL_Driver/Src/stm32f4xx_hal_i2c.o
 .debug_aranges
                0x0000000000000818       0x88 ./Drivers/STM32F4xx_HAL_Driver/Src/stm32f4xx_hal_rcc.o
 .debug_aranges
                0x00000000000008a0      0x1d0 ./Drivers/STM32F4xx_HAL_Driver/Src/stm32f4xx_hal_spi.o

.debug_rnglists
                0x0000000000000000      0x7f6
 .debug_rnglists
                0x0000000000000000       0x99 ./Core/Src/ADXL.o
 .debug_rnglists
                0x0000000000000099       0x34 ./Core/Src/main.o
 .debug_rnglists
                0x00000000000000cd       0xad ./Core/Src/ssd1306.o
 .debug_rnglists
                0x000000000000017a       0x2d ./Core/Src/stm32f4xx_hal_msp.o
 .debug_rnglists
                0x00000000000001a7       0x43 ./Core/Src/stm32f4xx_it.o
 .debug_rnglists
                0x00000000000001ea       0x13 ./Core/Src/sysmem.o
 .debug_rnglists
                0x00000000000001fd       0x1a ./Core/Src/system_stm32f4xx.o
 .debug_rnglists
                0x0000000000000217       0x19 ./Core/Startup/startup_stm32f401retx.o
 .debug_rnglists
                0x0000000000000230       0xaf ./Drivers/STM32F4xx_HAL_Driver/Src/stm32f4xx_hal.o
 .debug_rnglists
                0x00000000000002df       0xce ./Drivers/STM32F4xx_HAL_Driver/Src/stm32f4xx_hal_cortex.o
 .debug_rnglists
                0x00000000000003ad       0x3f ./Drivers/STM32F4xx_HAL_Driver/Src/stm32f4xx_hal_gpio.o
 .debug_rnglists
                0x00000000000003ec      0x235 ./Drivers/STM32F4xx_HAL_Driver/Src/stm32f4xx_hal_i2c.o
 .debug_rnglists
                0x0000000000000621       0x66 ./Drivers/STM32F4xx_HAL_Driver/Src/stm32f4xx_hal_rcc.o
 .debug_rnglists
                0x0000000000000687      0x16f ./Drivers/STM32F4xx_HAL_Driver/Src/stm32f4xx_hal_spi.o

.debug_macro    0x0000000000000000    0x164d7
 .debug_macro   0x0000000000000000      0x1dc ./Core/Src/ADXL.o
 .debug_macro   0x00000000000001dc      0xaa8 ./Core/Src/ADXL.o
 .debug_macro   0x0000000000000c84      0x29b ./Core/Src/ADXL.o
 .debug_macro   0x0000000000000f1f       0x2e ./Core/Src/ADXL.o
 .debug_macro   0x0000000000000f4d       0x28 ./Core/Src/ADXL.o
 .debug_macro   0x0000000000000f75       0x22 ./Core/Src/ADXL.o
 .debug_macro   0x0000000000000f97       0x8e ./Core/Src/ADXL.o
 .debug_macro   0x0000000000001025       0x51 ./Core/Src/ADXL.o
 .debug_macro   0x0000000000001076      0x103 ./Core/Src/ADXL.o
 .debug_macro   0x0000000000001179       0x6a ./Core/Src/ADXL.o
 .debug_macro   0x00000000000011e3      0x1df ./Core/Src/ADXL.o
 .debug_macro   0x00000000000013c2       0x1c ./Core/Src/ADXL.o
 .debug_macro   0x00000000000013de       0x22 ./Core/Src/ADXL.o
 .debug_macro   0x0000000000001400       0xd9 ./Core/Src/ADXL.o
 .debug_macro   0x00000000000014d9     0x102d ./Core/Src/ADXL.o
 .debug_macro   0x0000000000002506      0x11f ./Core/Src/ADXL.o
 .debug_macro   0x0000000000002625     0xb86c ./Core/Src/ADXL.o
 .debug_macro   0x000000000000de91       0x6d ./Core/Src/ADXL.o
 .debug_macro   0x000000000000defe     0x367e ./Core/Src/ADXL.o
 .debug_macro   0x000000000001157c      0x174 ./Core/Src/ADXL.o
 .debug_macro   0x00000000000116f0       0x5c ./Core/Src/ADXL.o
 .debug_macro   0x000000000001174c      0x416 ./Core/Src/ADXL.o
 .debug_macro   0x0000000000011b62      0x9fe ./Core/Src/ADXL.o
 .debug_macro   0x0000000000012560      0x115 ./Core/Src/ADXL.o
 .debug_macro   0x0000000000012675       0xf8 ./Core/Src/ADXL.o
 .debug_macro   0x000000000001276d       0xa5 ./Core/Src/ADXL.o
 .debug_macro   0x0000000000012812      0x15f ./Core/Src/ADXL.o
 .debug_macro   0x0000000000012971      0x287 ./Core/Src/ADXL.o
 .debug_macro   0x0000000000012bf8       0x5f ./Core/Src/ADXL.o
 .debug_macro   0x0000000000012c57      0x236 ./Core/Src/ADXL.o
 .debug_macro   0x0000000000012e8d      0x132 ./Core/Src/ADXL.o
 .debug_macro   0x0000000000012fbf      0x264 ./Core/Src/ADXL.o
 .debug_macro   0x0000000000013223       0x2e ./Core/Src/ADXL.o
 .debug_macro   0x0000000000013251      0x1b5 ./Core/Src/ADXL.o
 .debug_macro   0x0000000000013406       0x22 ./Core/Src/ADXL.o
 .debug_macro   0x0000000000013428       0xd6 ./Core/Src/ADXL.o
 .debug_macro   0x00000000000134fe      0x11a ./Core/Src/ADXL.o
 .debug_macro   0x0000000000013618       0x85 ./Core/Src/ADXL.o
 .debug_macro   0x000000000001369d       0x89 ./Core/Src/ADXL.o
 .debug_macro   0x0000000000013726      0x225 ./Core/Src/ADXL.o
 .debug_macro   0x000000000001394b      0x126 ./Core/Src/ADXL.o
 .debug_macro   0x0000000000013a71      0x1b5 ./Core/Src/ADXL.o
 .debug_macro   0x0000000000013c26      0x31d ./Core/Src/main.o
 .debug_macro   0x0000000000013f43       0x61 ./Core/Src/main.o
 .debug_macro   0x0000000000013fa4       0x2a ./Core/Src/main.o
 .debug_macro   0x0000000000013fce       0x43 ./Core/Src/main.o
 .debug_macro   0x0000000000014011       0x34 ./Core/Src/main.o
 .debug_macro   0x0000000000014045       0x4c ./Core/Src/main.o
 .debug_macro   0x0000000000014091       0x10 ./Core/Src/main.o
 .debug_macro   0x00000000000140a1       0x34 ./Core/Src/main.o
 .debug_macro   0x00000000000140d5       0x16 ./Core/Src/main.o
 .debug_macro   0x00000000000140eb       0x35 ./Core/Src/main.o
 .debug_macro   0x0000000000014120      0x369 ./Core/Src/main.o
 .debug_macro   0x0000000000014489       0x10 ./Core/Src/main.o
 .debug_macro   0x0000000000014499       0x16 ./Core/Src/main.o
 .debug_macro   0x00000000000144af       0x43 ./Core/Src/main.o
 .debug_macro   0x00000000000144f2       0x34 ./Core/Src/main.o
 .debug_macro   0x0000000000014526       0x10 ./Core/Src/main.o
 .debug_macro   0x0000000000014536       0x58 ./Core/Src/main.o
 .debug_macro   0x000000000001458e       0x8e ./Core/Src/main.o
 .debug_macro   0x000000000001461c       0x1c ./Core/Src/main.o
 .debug_macro   0x0000000000014638      0x177 ./Core/Src/main.o
 .debug_macro   0x00000000000147af       0x16 ./Core/Src/main.o
 .debug_macro   0x00000000000147c5       0x16 ./Core/Src/main.o
 .debug_macro   0x00000000000147db      0x147 ./Core/Src/main.o
 .debug_macro   0x0000000000014922       0x16 ./Core/Src/main.o
 .debug_macro   0x0000000000014938       0x16 ./Core/Src/main.o
 .debug_macro   0x000000000001494e       0x29 ./Core/Src/main.o
 .debug_macro   0x0000000000014977      0x307 ./Core/Src/ssd1306.o
 .debug_macro   0x0000000000014c7e       0x5b ./Core/Src/ssd1306.o
 .debug_macro   0x0000000000014cd9       0x94 ./Core/Src/ssd1306.o
 .debug_macro   0x0000000000014d6d       0x28 ./Core/Src/ssd1306.o
 .debug_macro   0x0000000000014d95       0x57 ./Core/Src/ssd1306.o
 .debug_macro   0x0000000000014dec      0x19b ./Core/Src/ssd1306.o
 .debug_macro   0x0000000000014f87       0x16 ./Core/Src/ssd1306.o
 .debug_macro   0x0000000000014f9d       0x20 ./Core/Src/ssd1306.o
 .debug_macro   0x0000000000014fbd       0x76 ./Core/Src/ssd1306_fonts.o
 .debug_macro   0x0000000000015033      0x1dd ./Core/Src/stm32f4xx_hal_msp.o
 .debug_macro   0x0000000000015210      0x1e7 ./Core/Src/stm32f4xx_it.o
 .debug_macro   0x00000000000153f7       0xff ./Core/Src/sysmem.o
 .debug_macro   0x00000000000154f6      0x23c ./Core/Src/sysmem.o
 .debug_macro   0x0000000000015732      0x1d3 ./Core/Src/system_stm32f4xx.o
 .debug_macro   0x0000000000015905      0x233 ./Drivers/STM32F4xx_HAL_Driver/Src/stm32f4xx_hal.o
 .debug_macro   0x0000000000015b38      0x1d3 ./Drivers/STM32F4xx_HAL_Driver/Src/stm32f4xx_hal_cortex.o
 .debug_macro   0x0000000000015d0b      0x1d9 ./Drivers/STM32F4xx_HAL_Driver/Src/stm32f4xx_hal_gpio.o
 .debug_macro   0x0000000000015ee4      0x21a ./Drivers/STM32F4xx_HAL_Driver/Src/stm32f4xx_hal_i2c.o
 .debug_macro   0x00000000000160fe      0x1f7 ./Drivers/STM32F4xx_HAL_Driver/Src/stm32f4xx_hal_rcc.o
 .debug_macro   0x00000000000162f5      0x1e2 ./Drivers/STM32F4xx_HAL_Driver/Src/stm32f4xx_hal_spi.o

.debug_line     0x0000000000000000     0xcff4
 .debug_line    0x0000000000000000      0xc30 ./Core/Src/ADXL.o
 .debug_line    0x0000000000000c30      0xad7 ./Core/Src/main.o
 .debug_line    0x0000000000001707     0x105f ./Core/Src/ssd1306.o
 .debug_line    0x0000000000002766      0x42c ./Core/Src/ssd1306_fonts.o
 .debug_line    0x0000000000002b92      0x7e1 ./Core/Src/stm32f4xx_hal_msp.o
 .debug_line    0x0000000000003373      0x808 ./Core/Src/stm32f4xx_it.o
 .debug_line    0x0000000000003b7b      0x579 ./Core/Src/sysmem.o
 .debug_line    0x00000000000040f4      0x7c7 ./Core/Src/system_stm32f4xx.o
 .debug_line    0x00000000000048bb       0x7a ./Core/Startup/startup_stm32f401retx.o
 .debug_line    0x0000000000004935      0xa2d ./Drivers/STM32F4xx_HAL_Driver/Src/stm32f4xx_hal.o
 .debug_line    0x0000000000005362      0xcdc ./Drivers/STM32F4xx_HAL_Driver/Src/stm32f4xx_hal_cortex.o
 .debug_line    0x000000000000603e      0xb65 ./Drivers/STM32F4xx_HAL_Driver/Src/stm32f4xx_hal_gpio.o
 .debug_line    0x0000000000006ba3     0x39ef ./Drivers/STM32F4xx_HAL_Driver/Src/stm32f4xx_hal_i2c.o
 .debug_line    0x000000000000a592      0xda4 ./Drivers/STM32F4xx_HAL_Driver/Src/stm32f4xx_hal_rcc.o
 .debug_line    0x000000000000b336     0x1cbe ./Drivers/STM32F4xx_HAL_Driver/Src/stm32f4xx_hal_spi.o

.debug_str      0x0000000000000000    0x87c1d
 .debug_str     0x0000000000000000    0x807a9 ./Core/Src/ADXL.o
                                      0x80ac8 (size before relaxing)
 .debug_str     0x00000000000807a9     0x4078 ./Core/Src/main.o
                                      0x8492a (size before relaxing)
 .debug_str     0x0000000000084821      0xbfc ./Core/Src/ssd1306.o
                                      0x84551 (size before relaxing)
 .debug_str     0x000000000008541d       0x6a ./Core/Src/ssd1306_fonts.o
                                       0x3eab (size before relaxing)
 .debug_str     0x0000000000085487       0x8a ./Core/Src/stm32f4xx_hal_msp.o
                                      0x80808 (size before relaxing)
 .debug_str     0x0000000000085511       0xc9 ./Core/Src/stm32f4xx_it.o
                                      0x7ffe4 (size before relaxing)
 .debug_str     0x00000000000855da      0x4dc ./Core/Src/sysmem.o
                                       0x6058 (size before relaxing)
 .debug_str     0x0000000000085ab6       0xdb ./Core/Src/system_stm32f4xx.o
                                      0x80120 (size before relaxing)
 .debug_str     0x0000000000085b91       0x34 ./Core/Startup/startup_stm32f401retx.o
                                         0x6a (size before relaxing)
 .debug_str     0x0000000000085bc5      0x9a4 ./Drivers/STM32F4xx_HAL_Driver/Src/stm32f4xx_hal.o
                                      0x80b42 (size before relaxing)
 .debug_str     0x0000000000086569      0x34a ./Drivers/STM32F4xx_HAL_Driver/Src/stm32f4xx_hal_cortex.o
                                      0x80863 (size before relaxing)
 .debug_str     0x00000000000868b3      0x121 ./Drivers/STM32F4xx_HAL_Driver/Src/stm32f4xx_hal_gpio.o
                                      0x8029b (size before relaxing)
 .debug_str     0x00000000000869d4      0xaf7 ./Drivers/STM32F4xx_HAL_Driver/Src/stm32f4xx_hal_i2c.o
                                      0x810de (size before relaxing)
 .debug_str     0x00000000000874cb      0x213 ./Drivers/STM32F4xx_HAL_Driver/Src/stm32f4xx_hal_rcc.o
                                      0x80554 (size before relaxing)
 .debug_str     0x00000000000876de      0x53f ./Drivers/STM32F4xx_HAL_Driver/Src/stm32f4xx_hal_spi.o
                                      0x809d2 (size before relaxing)

.debug_frame    0x0000000000000000     0x2fc8
 .debug_frame   0x0000000000000000      0x334 ./Core/Src/ADXL.o
 .debug_frame   0x0000000000000334       0xcc ./Core/Src/main.o
 .debug_frame   0x0000000000000400      0x3c0 ./Core/Src/ssd1306.o
 .debug_frame   0x00000000000007c0       0xc8 ./Core/Src/stm32f4xx_hal_msp.o
 .debug_frame   0x0000000000000888      0x104 ./Core/Src/stm32f4xx_it.o
 .debug_frame   0x000000000000098c       0x34 ./Core/Src/sysmem.o
 .debug_frame   0x00000000000009c0       0x58 ./Core/Src/system_stm32f4xx.o
 .debug_frame   0x0000000000000a18      0x374 ./Drivers/STM32F4xx_HAL_Driver/Src/stm32f4xx_hal.o
 .debug_frame   0x0000000000000d8c      0x498 ./Drivers/STM32F4xx_HAL_Driver/Src/stm32f4xx_hal_cortex.o
 .debug_frame   0x0000000000001224      0x14c ./Drivers/STM32F4xx_HAL_Driver/Src/stm32f4xx_hal_gpio.o
 .debug_frame   0x0000000000001370      0xc5c ./Drivers/STM32F4xx_HAL_Driver/Src/stm32f4xx_hal_i2c.o
 .debug_frame   0x0000000000001fcc      0x1f4 ./Drivers/STM32F4xx_HAL_Driver/Src/stm32f4xx_hal_rcc.o
 .debug_frame   0x00000000000021c0      0x824 ./Drivers/STM32F4xx_HAL_Driver/Src/stm32f4xx_hal_spi.o
 .debug_frame   0x00000000000029e4      0x144 C:/ST/STM32CubeIDE_1.13.2/STM32CubeIDE/plugins/com.st.stm32cube.ide.mcu.externaltools.gnu-tools-for-stm32.11.3.rel1.win32_1.1.1.202309131626/tools/bin/../lib/gcc/arm-none-eabi/11.3.1/../../../../arm-none-eabi/lib/thumb/v7e-m+fp/hard\libc_nano.a(libc_a-findfp.o)
 .debug_frame   0x0000000000002b28       0x6c C:/ST/STM32CubeIDE_1.13.2/STM32CubeIDE/plugins/com.st.stm32cube.ide.mcu.externaltools.gnu-tools-for-stm32.11.3.rel1.win32_1.1.1.202309131626/tools/bin/../lib/gcc/arm-none-eabi/11.3.1/../../../../arm-none-eabi/lib/thumb/v7e-m+fp/hard\libc_nano.a(libc_a-sprintf.o)
 .debug_frame   0x0000000000002b94       0x20 C:/ST/STM32CubeIDE_1.13.2/STM32CubeIDE/plugins/com.st.stm32cube.ide.mcu.externaltools.gnu-tools-for-stm32.11.3.rel1.win32_1.1.1.202309131626/tools/bin/../lib/gcc/arm-none-eabi/11.3.1/../../../../arm-none-eabi/lib/thumb/v7e-m+fp/hard\libc_nano.a(libc_a-memset.o)
 .debug_frame   0x0000000000002bb4       0x38 C:/ST/STM32CubeIDE_1.13.2/STM32CubeIDE/plugins/com.st.stm32cube.ide.mcu.externaltools.gnu-tools-for-stm32.11.3.rel1.win32_1.1.1.202309131626/tools/bin/../lib/gcc/arm-none-eabi/11.3.1/../../../../arm-none-eabi/lib/thumb/v7e-m+fp/hard\libc_nano.a(libc_a-reent.o)
 .debug_frame   0x0000000000002bec       0x20 C:/ST/STM32CubeIDE_1.13.2/STM32CubeIDE/plugins/com.st.stm32cube.ide.mcu.externaltools.gnu-tools-for-stm32.11.3.rel1.win32_1.1.1.202309131626/tools/bin/../lib/gcc/arm-none-eabi/11.3.1/../../../../arm-none-eabi/lib/thumb/v7e-m+fp/hard\libc_nano.a(libc_a-errno.o)
 .debug_frame   0x0000000000002c0c       0x2c C:/ST/STM32CubeIDE_1.13.2/STM32CubeIDE/plugins/com.st.stm32cube.ide.mcu.externaltools.gnu-tools-for-stm32.11.3.rel1.win32_1.1.1.202309131626/tools/bin/../lib/gcc/arm-none-eabi/11.3.1/../../../../arm-none-eabi/lib/thumb/v7e-m+fp/hard\libc_nano.a(libc_a-init.o)
 .debug_frame   0x0000000000002c38       0xb0 C:/ST/STM32CubeIDE_1.13.2/STM32CubeIDE/plugins/com.st.stm32cube.ide.mcu.externaltools.gnu-tools-for-stm32.11.3.rel1.win32_1.1.1.202309131626/tools/bin/../lib/gcc/arm-none-eabi/11.3.1/../../../../arm-none-eabi/lib/thumb/v7e-m+fp/hard\libc_nano.a(libc_a-lock.o)
 .debug_frame   0x0000000000002ce8       0x28 C:/ST/STM32CubeIDE_1.13.2/STM32CubeIDE/plugins/com.st.stm32cube.ide.mcu.externaltools.gnu-tools-for-stm32.11.3.rel1.win32_1.1.1.202309131626/tools/bin/../lib/gcc/arm-none-eabi/11.3.1/../../../../arm-none-eabi/lib/thumb/v7e-m+fp/hard\libc_nano.a(libc_a-memcpy-stub.o)
 .debug_frame   0x0000000000002d10       0x38 C:/ST/STM32CubeIDE_1.13.2/STM32CubeIDE/plugins/com.st.stm32cube.ide.mcu.externaltools.gnu-tools-for-stm32.11.3.rel1.win32_1.1.1.202309131626/tools/bin/../lib/gcc/arm-none-eabi/11.3.1/../../../../arm-none-eabi/lib/thumb/v7e-m+fp/hard\libc_nano.a(libc_a-freer.o)
 .debug_frame   0x0000000000002d48       0x50 C:/ST/STM32CubeIDE_1.13.2/STM32CubeIDE/plugins/com.st.stm32cube.ide.mcu.externaltools.gnu-tools-for-stm32.11.3.rel1.win32_1.1.1.202309131626/tools/bin/../lib/gcc/arm-none-eabi/11.3.1/../../../../arm-none-eabi/lib/thumb/v7e-m+fp/hard\libc_nano.a(libc_a-mallocr.o)
 .debug_frame   0x0000000000002d98       0x30 C:/ST/STM32CubeIDE_1.13.2/STM32CubeIDE/plugins/com.st.stm32cube.ide.mcu.externaltools.gnu-tools-for-stm32.11.3.rel1.win32_1.1.1.202309131626/tools/bin/../lib/gcc/arm-none-eabi/11.3.1/../../../../arm-none-eabi/lib/thumb/v7e-m+fp/hard\libc_nano.a(libc_a-mlock.o)
 .debug_frame   0x0000000000002dc8       0x90 C:/ST/STM32CubeIDE_1.13.2/STM32CubeIDE/plugins/com.st.stm32cube.ide.mcu.externaltools.gnu-tools-for-stm32.11.3.rel1.win32_1.1.1.202309131626/tools/bin/../lib/gcc/arm-none-eabi/11.3.1/../../../../arm-none-eabi/lib/thumb/v7e-m+fp/hard\libc_nano.a(libc_a-nano-svfprintf.o)
 .debug_frame   0x0000000000002e58       0x60 C:/ST/STM32CubeIDE_1.13.2/STM32CubeIDE/plugins/com.st.stm32cube.ide.mcu.externaltools.gnu-tools-for-stm32.11.3.rel1.win32_1.1.1.202309131626/tools/bin/../lib/gcc/arm-none-eabi/11.3.1/../../../../arm-none-eabi/lib/thumb/v7e-m+fp/hard\libc_nano.a(libc_a-nano-vfprintf_i.o)
 .debug_frame   0x0000000000002eb8       0x28 C:/ST/STM32CubeIDE_1.13.2/STM32CubeIDE/plugins/com.st.stm32cube.ide.mcu.externaltools.gnu-tools-for-stm32.11.3.rel1.win32_1.1.1.202309131626/tools/bin/../lib/gcc/arm-none-eabi/11.3.1/../../../../arm-none-eabi/lib/thumb/v7e-m+fp/hard\libc_nano.a(libc_a-memmove.o)
 .debug_frame   0x0000000000002ee0       0x2c C:/ST/STM32CubeIDE_1.13.2/STM32CubeIDE/plugins/com.st.stm32cube.ide.mcu.externaltools.gnu-tools-for-stm32.11.3.rel1.win32_1.1.1.202309131626/tools/bin/../lib/gcc/arm-none-eabi/11.3.1/../../../../arm-none-eabi/lib/thumb/v7e-m+fp/hard\libc_nano.a(libc_a-sbrkr.o)
 .debug_frame   0x0000000000002f0c       0x3c C:/ST/STM32CubeIDE_1.13.2/STM32CubeIDE/plugins/com.st.stm32cube.ide.mcu.externaltools.gnu-tools-for-stm32.11.3.rel1.win32_1.1.1.202309131626/tools/bin/../lib/gcc/arm-none-eabi/11.3.1/../../../../arm-none-eabi/lib/thumb/v7e-m+fp/hard\libc_nano.a(libc_a-reallocr.o)
 .debug_frame   0x0000000000002f48       0x20 C:/ST/STM32CubeIDE_1.13.2/STM32CubeIDE/plugins/com.st.stm32cube.ide.mcu.externaltools.gnu-tools-for-stm32.11.3.rel1.win32_1.1.1.202309131626/tools/bin/../lib/gcc/arm-none-eabi/11.3.1/../../../../arm-none-eabi/lib/thumb/v7e-m+fp/hard\libc_nano.a(libc_a-msizer.o)
 .debug_frame   0x0000000000002f68       0x2c C:/ST/STM32CubeIDE_1.13.2/STM32CubeIDE/plugins/com.st.stm32cube.ide.mcu.externaltools.gnu-tools-for-stm32.11.3.rel1.win32_1.1.1.202309131626/tools/bin/../lib/gcc/arm-none-eabi/11.3.1/thumb/v7e-m+fp/hard\libgcc.a(_aeabi_uldivmod.o)
 .debug_frame   0x0000000000002f94       0x34 C:/ST/STM32CubeIDE_1.13.2/STM32CubeIDE/plugins/com.st.stm32cube.ide.mcu.externaltools.gnu-tools-for-stm32.11.3.rel1.win32_1.1.1.202309131626/tools/bin/../lib/gcc/arm-none-eabi/11.3.1/thumb/v7e-m+fp/hard\libgcc.a(_udivmoddi4.o)

.debug_line_str
                0x0000000000000000       0x5e
 .debug_line_str
                0x0000000000000000       0x5e ./Core/Startup/startup_stm32f401retx.o
                                         0x76 (size before relaxing)
